rollout rolling: Publish main 561e3177be with the revert of PR 1640 (D38 gate), one commit 34c2228cb2. CEO order under D64 (dec-1010-024316-b5c4), record prismabuild#1739. It adds PR 1584 (#1659/#1579 gang demand fence and the movement publisher authority) to gen11. A host that is not enrolled keeps its old behaviour; no host is enrolled and none is enrolled by this publication. PR 1640 stays out: its gate enforces with no switch. Roll out worker by worker. Rollback target is generation 281006ef6374-1791578707-9515e3d96a7e.
shape gate: passed by 6dfecfffd2de on dl380g10 (tables 682e7b0a859f, bc2a3bc8ad11)
publishing 1290 files from 34c2228cb25e to /mnt/shared/prismabuild-fleet/repo
canary: enabled (gate default-ON)
  .githooks/pre-push
  AGENTS.md
  README.md
  docs/832_advance_fence_acceptance_2026-09-21.json
  docs/adaptive_gpu_admission_2026-09-05.md
  docs/agent_execution_policy.md
  docs/amd_gpu_capacity_2026-09-12.md
  docs/btrfs_object_trust_validation_2026-09-30.md
  docs/canary_runbook_2026-09-19.md
  docs/claim_recovery_qualification.md
  docs/client_upgrade.md
  docs/commit_addressed_checkouts_2026-09-04.md
  docs/contributing.md
  docs/data_manifest_prewarm.md
  docs/dependency_pin_validation_2026-09-13.md
  docs/design.md
  docs/design_prelaunch_resident_phase_2026-10-06.md
  docs/design_work_decomposition_2026-09-11.md
  docs/diag811_acquisition_identity_2026-09-30.md
  docs/diag811_acquisition_identity_acceptance_2026-09-30.json
  docs/diag811_copy_descriptor_acceptance_2026-09-30.json
  docs/diag811_copy_descriptor_cpu_2026-09-30.md
  docs/diag811_entry_publication_acceptance_2026-09-30.json
  docs/diag811_entry_publication_cpu_2026-09-30.md
  docs/diag811_entry_timestamp_acceptance_2026-09-30.json
  docs/diag811_realpack_cpu_2026-09-30.md
  docs/diag811_realpack_descriptor_2026-09-30.md
  docs/diag811_realpack_descriptor_acceptance_2026-09-30.json
  docs/dl380_memory_capacity_2026-09-05.md
  docs/evidence/compatibility_1419_family_manifest_2026-10-02.json
  docs/evidence/compatibility_1419_qualification_2026-10-02.json
  docs/evidence/issue1032_ram_mount_provision_2026-09-26.json
  docs/evidence/issue1350_filed_leads_merge_acceptance_2026-09-29.json
  docs/evidence/issue1360_scratch_final_source_acceptance_2026-10-03.json
  docs/evidence/issue1360_scratch_lifetime_acceptance_2026-10-02.json
  docs/evidence/issue1360_scratch_lifetime_deployment_2026-10-09.json
  docs/evidence/issue1360_scratch_permission_recheck_acceptance_2026-10-02.json
  docs/evidence/issue1374_ram_epoch_claim_refusal_acceptance_2026-09-30.json
  docs/evidence/issue1374_ram_epoch_claim_refusal_cpu_2026-09-30.md
  docs/evidence/issue370/receipt-source-audit.json
  docs/evidence/issue964_release_claim_fence_acceptance_2026-09-27.json
  docs/evidence/p1_runtime_checkpoint_2026-10-02.json
  docs/evidence/source_sealing_family_1409_1410_2026-10-01.md
  docs/filesystem_floor.md
  docs/first_cross_box_dispatch_2026-08-31.md
  docs/fleet_expansion_acceptance_2026-09-20.json
  docs/fleet_expansion_requirements_2026-09-20.json
  docs/fleet_storage.md
  docs/gb10_memory_104_capacity_2026-09-07.md
  docs/gb10_memory_capacity_2026-09-07.md
  docs/gpu_readiness_2026-09-05.md
  docs/grafana_readiness_2026-09-05.md
  docs/heterogeneous_cohort_design_2026-09-19.md
  docs/host_local_reservations.md
  docs/issue201_validation_2026-09-06.md
  docs/issue205_offer_starvation_2026-09-06.md
  docs/issue370_validation_2026-09-07.md
  docs/issue513_validation_2026-09-11.md
  docs/issue583_acceptance_2026-09-19.md
  docs/issue755_validation_2026-09-20.md
  docs/issue_maintenance.md
  docs/legacy_record_id_classification_2026-09-30.md
  docs/local_resident_sets_design_2026-10-05.md
  docs/local_scratch_placement_validation_2026-09-30.md
  docs/measurements/811-checkout-cache-screen-2026-09-29.md
  docs/measurements/940-contended-observer-preflight-2026-10-01.md
  docs/measurements/940-live-claim-profile-2026-09-29.md
  docs/measurements/diag811-timestamp-refusal-2026-09-30.md
  docs/measurements/diag811_netdata_2026-09-30.json
  docs/mount_measurement.md
  docs/mount_probe_lifetime_validation_2026-10-01.md
  docs/nfs_admission_recurrence_2026-09-07.md
  docs/observer_byte_ownership_validation_2026-10-01.md
  docs/offer_scan_freshness_2026-09-07.md
  docs/operating_prismabuild.md
  docs/orphan_pressure_acceptance_2026-09-20.json
  docs/pb_metrics.md
  docs/pbmergeq.md
  docs/pbtest_gpu_options_validation_2026-09-08.md
  docs/placement_validation_2026-09-06.md
  docs/pool_measurement_class_validation_2026-09-07.md
  docs/pq_cpu312_pin_refusal_2026-09-19.md
  docs/prismaquant_cpu_environment_2026-09-07.md
  docs/publish_io_2026-08-31.md
  docs/r3_admission_pressure_acceptance_2026-09-21.json
  docs/reader_launch_acceptance_2026-09-20.json
  docs/readiness_2026-09-05.md
  docs/resource_authority.md
  docs/resource_enforcement_2026-09-05.md
  docs/results/2026-10-02_fleet_marker_declarations_1460.md
  docs/results/2026-10-02_pbtest_collection_1458.md
  docs/results/2026-10-02_pbtest_interpreter_requirement_1462.md
  docs/results/2026-10-02_profile_source_cleanliness_1459.md
  docs/results/issue1472_native_identity_2026-10-03.json
  docs/results/issue1475_publisher_prune_2026-10-03.json
  docs/results/pbtest_exit_completion_1530.md
  docs/review358_validation_2026-09-07.md
  docs/review365_validation_2026-09-07.md
  docs/role_log_metadata_migration.md
  docs/role_log_retention_validation_2026-10-01.md
  docs/runtime_import_roster_2026-09-07.md
  docs/runtime_integration_acceptance_2026-09-20.json
  docs/scheduler_decision_2026-09-04.md
  docs/self_hosted_runner_canary_2026-09-19.md
  docs/shared_capacity_acceptance_2026-09-20.json
  docs/shared_publication_acceptance_2026-09-20.json
  docs/slurm_runbook_2026-09-04.md
  docs/slurm_slice1_pool_queue_recon_2026-09-19.md
  docs/staged_read_acceptance_record_template_2026-09-20.md
  docs/staged_read_contract_2026-09-20.md
  docs/staged_read_produced_output_addendum_2026-09-21.md
  docs/staged_read_requirements_2026-09-20.json
  docs/stale_adoption_acceptance_2026-09-20.json
  docs/tier_ledger_qualification_2026-10-02.md
  docs/two_host_qualification_2026-08-31.md
  docs/window_progress_acceptance_2026-09-20.json
  fleet/observability/README.md
  fleet/observability/build_dashboard.py
  fleet/observability/deploy_dashboard.py
  fleet/observability/prismabuild-metrics.service
  fleet/observability/prismabuild.json
  fleet/observability/prometheus.scrape.yml
  fleet/observability/qualify_dashboard.py
  fleet/storage/nfs_readahead.py
  skills/prismabuild/SKILL.md
  src/prismabuild/__init__.py
  src/prismabuild/_bounded_reader.py
  src/prismabuild/_gang.py
  src/prismabuild/_measurement_reservation.py
  src/prismabuild/action_edges.py
  src/prismabuild/action_result.py
  src/prismabuild/adaptive_cpu.py
  src/prismabuild/adaptive_gpu.py
  src/prismabuild/adaptive_snapshot.py
  src/prismabuild/box_capacity.py
  src/prismabuild/box_window.py
  src/prismabuild/checkout_recovery.py
  src/prismabuild/client.py
  src/prismabuild/container_images.py
  src/prismabuild/control_cpu.py
  src/prismabuild/core.py
  src/prismabuild/cpu_topology.py
  src/prismabuild/dagster.py
  src/prismabuild/decomposition.py
  src/prismabuild/dependency_digest.py
  src/prismabuild/digest_primitives.py
  src/prismabuild/durable_child_reporter.py
  src/prismabuild/filesystem_capacity.py
  src/prismabuild/filesystem_floor.py
  src/prismabuild/gpu_capacity.py
  src/prismabuild/gpu_memory.py
  src/prismabuild/local_dependencies.py
  src/prismabuild/local_resident.py
  src/prismabuild/local_scratch.py
  src/prismabuild/local_tier.py
  src/prismabuild/materialize.py
  src/prismabuild/movement_actions.py
  src/prismabuild/pool.py
  src/prismabuild/pool_reconcile.py
  src/prismabuild/posix_lock.py
  src/prismabuild/prelaunch_group.py
  src/prismabuild/produced_output.py
  src/prismabuild/produced_spool.py
  src/prismabuild/progress.py
  src/prismabuild/publication_canary.py
  src/prismabuild/pytest_test_bound.py
  src/prismabuild/reader_lease.py
  src/prismabuild/residency_map.py
  src/prismabuild/residency_plan.py
  src/prismabuild/resident_sets.py
  src/prismabuild/resource_scope.py
  src/prismabuild/runtime_publication.py
  src/prismabuild/slurm.py
  src/prismabuild/slurm_lane.py
  src/prismabuild/storage_tiers.py
  src/prismabuild/test_bound_contract.py
  src/prismabuild/window_credit.py
  tests/admitted_queue_fixture.py
  tests/bench_move_pricing.py
  tests/conftest.py
  tests/fullstack_fixtures.py
  tests/gate_campaign_shape.py
  tests/gpu_memory_probe.py
  tests/gpu_memory_scope_probe.py
  tests/gpu_profile_probe.py
  tests/local_resident_space.py
  tests/movement_publication_support.py
  tests/pb893_reference.py
  tests/pbmcp_fixture.py
  tests/pbtest_shard_output.py
  tests/prewarm_fixture.py
  tests/progress_demo.py
  tests/r13_1053_replay.py
  tests/ram_promotion_reservation_acceptance.py
  tests/residency_publication.py
  tests/storage_host_ledger.py
  tests/test_458_reboot_gate_regression.py
  tests/test_798_nonregular_census_review.py
  tests/test_817_root_archive_review.py
  tests/test_a_bare_digest_matches_an_image_id_or_repo_digest.py
  tests/test_a_batch_record_has_a_public_reader.py
  tests/test_a_blocked_copy_goes_first_on_its_tier.py
  tests/test_a_busy_transition_lock_never_stops_the_tier_loop.py
  tests/test_a_by_key_read_sees_a_record_another_box_filed.py
  tests/test_a_chunk_never_cuts_a_manifest_entry.py
  tests/test_a_claim_carries_the_prewarm_receipt_into_the_done_row.py
  tests/test_a_completed_own_copy_is_not_another_claimant.py
  tests/test_a_concluded_consumers_plan_leaves_the_census.py
  tests/test_a_conflicted_consumer_says_why_it_waits.py
  tests/test_a_consumer_reading_the_stage_is_not_warmed_from_the_pool.py
  tests/test_a_consumer_stages_only_to_its_refill_horizon.py
  tests/test_a_coordinator_wait_on_queued_children_is_not_no_progress.py
  tests/test_a_data_manifest_can_revisit_entries.py
  tests/test_a_data_manifest_names_bytes_exactly.py
  tests/test_a_dead_producers_batches_and_paths_are_released.py
  tests/test_a_dead_producers_held_mover_is_retired.py
  tests/test_a_dead_producers_origin_files_survive_every_sweep.py
  tests/test_a_dead_producers_spool_is_retired.py
  tests/test_a_declared_container_image_is_sealed_and_checked.py
  tests/test_a_decomposed_campaign_closes_on_an_exact_cover.py
  tests/test_a_decomposed_child_is_an_ordinary_sealed_action.py
  tests/test_a_divergent_ram_name_is_arbitrated_by_its_owners.py
  tests/test_a_divergent_staged_copy_never_loops_its_mover.py
  tests/test_a_drained_box_finishes_its_pending_claim_1403.py
  tests/test_a_draining_worker_stays_visible.py
  tests/test_a_dry_run_charges_the_budget_for_what_it_would_read.py
  tests/test_a_failed_consumer_stops_staging.py
  tests/test_a_failed_mover_frees_its_partials_for_the_window.py
  tests/test_a_failed_movers_partial_stays_under_its_reader.py
  tests/test_a_failed_producers_exports_do_not_block_its_successor.py
  tests/test_a_failed_release_names_its_step.py
  tests/test_a_fill_capacity_is_minted_only_from_what_the_disks_delivered.py
  tests/test_a_finish_reads_only_the_funding_it_can_count.py
  tests/test_a_finished_copy_returns_the_rate_it_reserved.py
  tests/test_a_fixed_roster_derives_one_deterministic_exact_cover.py
  tests/test_a_fresh_tier_loop_announces_before_its_cold_read.py
  tests/test_a_gpu_refused_row_is_not_overtaken_by_gpu_rows.py
  tests/test_a_hanging_test_fails_with_its_name_in_the_record.py
  tests/test_a_hold_by_an_unknown_attempt_is_named.py
  tests/test_a_host_level_tier_event_has_somewhere_to_go.py
  tests/test_a_kill_between_a_movers_two_documents_blocks_nothing.py
  tests/test_a_kill_names_what_it_waited_on.py
  tests/test_a_killed_movers_unnamed_copies_are_reclaimed.py
  tests/test_a_leg_past_the_horizon_is_waited_for_not_clocked.py
  tests/test_a_live_tier_loop_never_reads_dead.py
  tests/test_a_measurement_admits_its_own_spool_exports.py
  tests/test_a_measurement_consumers_movers_are_ordinary_movement_work.py
  tests/test_a_measurement_is_judged_against_the_hosts_idle_baseline.py
  tests/test_a_movement_node_is_published_with_recompute.py
  tests/test_a_mover_is_sealed_at_one_copys_measured_rate.py
  tests/test_a_mover_refusal_is_visible_to_the_owner.py
  tests/test_a_mover_seals_a_movement_environment.py
  tests/test_a_mover_stages_the_range_it_declared_and_no_more.py
  tests/test_a_mover_warms_the_range_it_staged.py
  tests/test_a_movers_retries_and_determinism_are_its_own.py
  tests/test_a_nested_prefix_successors_adopted_file_survives_retirement.py
  tests/test_a_prefix_read_never_takes_the_whole_file_name.py
  tests/test_a_prelaunch_sharer_waits_for_its_whole_vouch.py
  tests/test_a_prewarm_record_prices_the_warm_against_the_disks.py
  tests/test_a_prewarm_record_says_what_it_actually_read.py
  tests/test_a_pricing_read_opens_only_receipts_the_log_lacks.py
  tests/test_a_prior_epoch_ram_range_is_not_resident.py
  tests/test_a_produced_mover_seals_the_producers_checkout_snapshot.py
  tests/test_a_produced_namespace_is_not_a_consumer.py
  tests/test_a_producers_export_rates_are_learned_per_family.py
  tests/test_a_producers_exports_run_on_its_allowance.py
  tests/test_a_producers_paced_export_borrows_its_familys_fill.py
  tests/test_a_promotion_handoff_defers_its_source_retirement.py
  tests/test_a_promotion_handoff_defers_the_source_retirement.py
  tests/test_a_publish_mkdir_survives_a_concurrent_prune.py
  tests/test_a_publish_reaches_the_role_loops_too.py
  tests/test_a_publish_wait_is_recorded_by_verdict_and_seconds.py
  tests/test_a_ram_promotion_holds_its_tokens_until_the_egress_frees_them.py
  tests/test_a_ram_resident_entry_names_the_ram_path_beside_the_stage_path.py
  tests/test_a_ram_tier_mints_what_the_tmpfs_says_it_may_hold.py
  tests/test_a_range_decision_takes_its_censuses_once.py
  tests/test_a_rate_only_claim_is_not_a_copy.py
  tests/test_a_read_back_owners_local_group_is_committed.py
  tests/test_a_ready_claim_is_tier_pressure.py
  tests/test_a_ready_consumers_lead_is_read_first.py
  tests/test_a_ready_gpu_action_is_not_starved_by_cpu_shards.py
  tests/test_a_receipt_that_adopts_its_ranges_does_not_measure_the_pool.py
  tests/test_a_record_the_queue_cannot_order_is_filed_not_thrown.py
  tests/test_a_refused_gpu_row_keeps_the_drain_boundary.py
  tests/test_a_refused_skip_checkpoint_says_why.py
  tests/test_a_released_consumer_key_races_the_claim_in_two_windows.py
  tests/test_a_released_consumers_row_is_refused_at_claim.py
  tests/test_a_released_gpu_box_goes_to_the_ready_gpu_row.py
  tests/test_a_remounted_device_is_not_trusted.py
  tests/test_a_replaced_progress_record_is_read_again.py
  tests/test_a_republished_key_keeps_one_terminal.py
  tests/test_a_reserved_range_is_not_resident_until_published.py
  tests/test_a_residency_map_names_bytes_a_mover_verified.py
  tests/test_a_residency_plan_nobody_can_read_is_a_denial.py
  tests/test_a_resident_range_is_adopted_rather_than_recopied.py
  tests/test_a_restarted_promotion_adopts_its_own_copies.py
  tests/test_a_resubmitted_key_answers_by_generation.py
  tests/test_a_resumed_decomposition_publishes_only_what_is_missing.py
  tests/test_a_retired_heads_orphaned_cache_is_recovered_by_identity.py
  tests/test_a_retired_tombstone_gives_its_memory_back_without_being_removed.py
  tests/test_a_retirement_backlog_writes_each_document_once.py
  tests/test_a_retry_is_not_superseded_by_its_predecessors_cleanup.py
  tests/test_a_retry_reclaims_its_dead_attempts_prewrite.py
  tests/test_a_row_refused_on_held_cpus_withholds_its_box.py
  tests/test_a_running_consumer_keeps_its_map_and_its_admission.py
  tests/test_a_same_key_retry_preserves_its_own_qualified_coverage.py
  tests/test_a_same_tick_document_rename_is_not_cached.py
  tests/test_a_same_tick_record_version_is_not_kept.py
  tests/test_a_same_tick_rename_is_not_cached.py
  tests/test_a_second_role_refuses_the_host_role_lock.py
  tests/test_a_settled_tombstone_is_reaped_and_a_live_scope_is_not.py
  tests/test_a_shared_mount_row_without_a_data_manifest_is_warned_or_refused.py
  tests/test_a_shared_range_is_resealed_under_a_new_tool_root.py
  tests/test_a_shared_staged_path_has_two_owners.py
  tests/test_a_slow_receipts_read_keeps_the_tier_record_alive.py
  tests/test_a_source_mark_copy_with_a_proven_original_is_reclaimed.py
  tests/test_a_stage_mover_declares_the_cpu_and_retries_it_owns.py
  tests/test_a_stage_object_is_as_long_as_its_name_says.py
  tests/test_a_stage_proof_runs_outside_the_ownership_lock.py
  tests/test_a_stage_root_belongs_to_one_queue.py
  tests/test_a_stage_tier_mints_what_zfs_says_it_may_write.py
  tests/test_a_staged_byte_is_not_a_consumer_read.py
  tests/test_a_staged_object_carries_what_it_copied.py
  tests/test_a_staged_range_holds_its_tokens_until_an_egress_deletes_it.py
  tests/test_a_staged_wait_is_not_no_progress.py
  tests/test_a_stale_ceiling_is_probed_by_queued_demand.py
  tests/test_a_stale_donor_declines_and_current_material_is_reused.py
  tests/test_a_stalled_mover_ends_no_progress.py
  tests/test_a_steady_tier_cycle_rereads_only_what_changed.py
  tests/test_a_stopped_role_is_named_in_supervisor_health.py
  tests/test_a_successors_committed_identity_survives_a_link_back.py
  tests/test_a_suite_under_pb_runs_without_its_launch_context.py
  tests/test_a_sw_capped_gb10_row_withholds_while_its_box_drains.py
  tests/test_a_sweep_that_cannot_read_its_ledger_deletes_nothing.py
  tests/test_a_terminal_lead_is_named_in_the_denial.py
  tests/test_a_terminal_receipt_retires_behind_a_covered_fold.py
  tests/test_a_tier_is_reserved_across_boxes.py
  tests/test_a_tiny_window_is_never_held_by_the_disk_pacer.py
  tests/test_a_v2_read_plan_places_produced_batches.py
  tests/test_a_vanished_retired_scope_is_released_1403.py
  tests/test_a_waiter_with_no_pressure_says_why_1627.py
  tests/test_a_warm_listing_loses_trust_with_its_filesystem.py
  tests/test_a_wedged_egress_ends_no_progress.py
  tests/test_a_withdrawn_mover_leaves_nothing_on_the_stage.py
  tests/test_a_worker_offer_names_the_addresses_it_reads_from.py
  tests/test_a_yielding_copy_neither_deadlocks_nor_stalls.py
  tests/test_acquire_reuses_unchanged_cover_documents.py
  tests/test_action_keys_survive_vocabulary_removal.py
  tests/test_action_resource_profile.py
  tests/test_adaptive_cpu.py
  tests/test_adaptive_cpu_local_state.py
  tests/test_adaptive_gpu.py
  tests/test_admission_charges_refill_horizons_jointly.py
  tests/test_admission_does_not_wait_on_a_peer.py
  tests/test_admission_evidence_is_host_local.py
  tests/test_admitted_queue_fixture.py
  tests/test_adoption_does_not_pin_beyond_a_missing_frontier.py
  tests/test_advance_needs_names_its_fence_target.py
  tests/test_agent_proves_the_box_stopped.py
  tests/test_agent_says_what_version_it_runs.py
  tests/test_an_abandoned_acquisition_returns_every_token.py
  tests/test_an_already_warm_row_does_not_spend_the_lookahead.py
  tests/test_an_arbitration_rereads_only_what_moved.py
  tests/test_an_egress_census_before_the_lock_decides_nothing.py
  tests/test_an_egress_declares_the_cpu_it_owns.py
  tests/test_an_egress_holds_the_stage_lock_only_for_its_act.py
  tests/test_an_egress_receipt_keeps_its_schema.py
  tests/test_an_export_survives_a_delegation_recall.py
  tests/test_an_identity_refusal_names_the_entry_and_both_identities.py
  tests/test_an_nsfs_mount_does_not_taint_local_record_trust.py
  tests/test_an_origin_batch_survives_a_delegation_recall.py
  tests/test_an_orphan_sweep_yields_to_the_cycle_budget.py
  tests/test_an_owner_waiting_on_its_own_export_is_not_no_progress.py
  tests/test_an_unknown_image_inventory_keeps_the_drain.py
  tests/test_an_unknown_interpreter_keeps_the_image_reason_1595.py
  tests/test_an_unproven_ending_is_refused_terminally_at_its_bound.py
  tests/test_an_unpublished_declaration_is_released_once_nothing_can_publish_it.py
  tests/test_an_unreachable_origin_is_refused_by_name.py
  tests/test_an_unreadable_terminal_directory_is_not_an_empty_one.py
  tests/test_an_unreadable_tier_announcement_is_not_an_epoch_move.py
  tests/test_an_unreadable_withdrawn_directory_is_not_an_empty_one.py
  tests/test_an_unverifiable_attempt_link_does_not_stop_the_reaper.py
  tests/test_atomic_publish_owner_1295.py
  tests/test_atomic_record_owner.py
  tests/test_audit_shared_cache_capacity_credit.py
  tests/test_barrier_activation_boundary.py
  tests/test_borrow_return_ownership.py
  tests/test_bounded_reader_core_boundary.py
  tests/test_bounded_reader_ownership.py
  tests/test_box_capacity.py
  tests/test_box_origin_1542.py
  tests/test_box_prune_1542.py
  tests/test_box_prune_race_1542.py
  tests/test_box_state_stays_out_of_the_boxs_own_directory.py
  tests/test_box_window_csv_deadline.py
  tests/test_box_window_netdata_size.py
  tests/test_box_window_recent_csv.py
  tests/test_box_window_recorder_alias.py
  tests/test_broker_scope_contract_1301.py
  tests/test_btrfs_subvolume_records_are_retained.py
  tests/test_btrfs_trust_review_regressions.py
  tests/test_canary_envelope_1315.py
  tests/test_canary_foreign_load_exemption.py
  tests/test_canary_generation_wait.py
  tests/test_canary_leg3_root_lifetime.py
  tests/test_canary_leg3_staged_read.py
  tests/test_canary_wait_classification.py
  tests/test_canary_watch_978.py
  tests/test_cas_ingest_staging_is_private.py
  tests/test_cas_request_lookup_1313.py
  tests/test_cas_staging_descriptor_ownership.py
  tests/test_census_admission_nfs_slow_1498.py
  tests/test_census_lock_set_1498.py
  tests/test_census_refusal_is_once_per_pass_1571.py
  tests/test_census_reuse_reader_custody_1571.py
  tests/test_census_reuse_transitions_1571.py
  tests/test_census_reused_once_per_pass_1571.py
  tests/test_census_tmpfs_state_1451.py
  tests/test_check_export_receipt_1286.py
  tests/test_checkout_identity_is_byte_derived.py
  tests/test_checkout_recovery_1465.py
  tests/test_checkout_recovery_1472.py
  tests/test_claim_denial_batching.py
  tests/test_claim_denial_profile.py
  tests/test_claim_denial_status_robustness.py
  tests/test_claim_denials.py
  tests/test_claim_order_relief_persists_before_it_ends_a_wait.py
  tests/test_claim_progresses_while_a_sibling_stalls.py
  tests/test_claim_qualification_cleanup.py
  tests/test_claim_requires_admission_1419.py
  tests/test_claimed_consumers_drain_a_tier_in_admission_order.py
  tests/test_claimed_window_does_not_set_newcomer_priority_barrier.py
  tests/test_cleanup_gate_covers_the_no_scope_path.py
  tests/test_cleanup_gate_fails_closed_and_visibly.py
  tests/test_client_boundary.py
  tests/test_client_sdk_fail_closed_edges.py
  tests/test_client_sdk_surface.py
  tests/test_client_upgrade.py
  tests/test_client_upgrade_initializes_boot_gate.py
  tests/test_commitment_reporting_closes_three_gaps.py
  tests/test_compose_map_skips_an_unchanged_consumer.py
  tests/test_compressed_data_manifests.py
  tests/test_consumed_origin_retirement.py
  tests/test_contained_deadline_profile.py
  tests/test_container_class_admission.py
  tests/test_container_class_requirements.py
  tests/test_container_image_inventory.py
  tests/test_container_inventory_metadata.py
  tests/test_control_attribution_born_in_interval.py
  tests/test_core.py
  tests/test_cpu_control_plane_admission.py
  tests/test_cpu_topology.py
  tests/test_cyclic_progress.py
  tests/test_dagster.py
  tests/test_dagster_movement_nodes.py
  tests/test_dead_consumer_discovery_follows_filed_plans.py
  tests/test_dead_owner_fragment_blocks_then_retires.py
  tests/test_dead_partial_done_owner_retires.py
  tests/test_decomposed_common_policies.py
  tests/test_decomposition_refuses_before_it_publishes_anything.py
  tests/test_default_transport_travels_with_the_generation.py
  tests/test_deferred_action_edges.py
  tests/test_denial_transition_decision_snapshot.py
  tests/test_dependency_digest_contract.py
  tests/test_design_doc_line_references.py
  tests/test_diag811_acquisition_identity.py
  tests/test_diag811_copy_descriptor.py
  tests/test_diag811_entry_publication.py
  tests/test_diag811_experiment_boundaries.py
  tests/test_diag811_generation_guard.py
  tests/test_diag811_realpack_descriptor.py
  tests/test_diag940_contended_observer.py
  tests/test_diag940_owned_recipe_bytes.py
  tests/test_diag940_profile_coverage.py
  tests/test_diag940_profiler_path.py
  tests/test_digest_primitives_1547.py
  tests/test_digest_sites_1547.py
  tests/test_docker_removal_in_progress_1403.py
  tests/test_docker_shim_cpu_affinity.py
  tests/test_docker_shim_global_options.py
  tests/test_docker_shim_memory.py
  tests/test_docker_shim_relays_termination_1599.py
  tests/test_drain_boundary_order.py
  tests/test_duplication_baseline.py
  tests/test_durable_maintenance_hold.py
  tests/test_durable_maintenance_review.py
  tests/test_durable_maintenance_upgrade.py
  tests/test_egress_reclaim_takes_one_stage_root_at_a_time.py
  tests/test_ephemeral_scratch_namespace.py
  tests/test_exact_cover_merge_fails_closed.py
  tests/test_exact_role_log_metadata_migration.py
  tests/test_execution_budget_is_stated_not_silent.py
  tests/test_family_fill_lends_once.py
  tests/test_filed_plan_leads_gate_claim.py
  tests/test_filesystem_floor_1483.py
  tests/test_fill_best_requires_reserved_fill.py
  tests/test_flapping_denial_reasons_are_damped.py
  tests/test_fleet_membership_busy_resign.py
  tests/test_fleet_membership_join_resign.py
  tests/test_fleet_submit.py
  tests/test_fleet_tool_flags_have_help.py
  tests/test_fleet_tools_resolve_repo_core_1318.py
  tests/test_fullstack_claim_retry_primitives.py
  tests/test_fullstack_producer_rows.py
  tests/test_fullstack_progress_retry.py
  tests/test_fullstack_reader_boundaries.py
  tests/test_fullstack_stage_ram_chain.py
  tests/test_gang_demand_fence_1579.py
  tests/test_gang_demand_fence_claims_1579.py
  tests/test_gang_fence_backfill.py
  tests/test_gang_reservation_1517.py
  tests/test_gang_residency_members.py
  tests/test_gang_teardown_1517.py
  tests/test_gang_teardown_with_prelaunch_1543.py
  tests/test_generation_drift_refusals.py
  tests/test_git_runners_1307.py
  tests/test_gitignore_pbrun_patterns.py
  tests/test_gpu_capacity.py
  tests/test_gpu_host_ready_work_admission.py
  tests/test_gpu_memory.py
  tests/test_gpu_profile_modes.py
  tests/test_grafana_deploy.py
  tests/test_higher_priority_window_waits_for_existing_promises.py
  tests/test_holder_is_named_by_device_and_inode.py
  tests/test_incomplete_ram_promotions_release_their_tokens.py
  tests/test_inflight_partials_names_before_stat.py
  tests/test_install_ram_mount_unit.py
  tests/test_interpreter_placement.py
  tests/test_issue569_admission_review.py
  tests/test_issue_link_workflow.py
  tests/test_issue_maintenance.py
  tests/test_joint_commitment_stalls_are_reported.py
  tests/test_lane_message_pins_1320.py
  tests/test_lane_validators_1305.py
  tests/test_live_defaults_bind_at_call_time.py
  tests/test_live_store_constants_are_repointed.py
  tests/test_live_store_guard.py
  tests/test_live_store_probe_is_bounded.py
  tests/test_local_resident_adoption.py
  tests/test_local_resident_commands.py
  tests/test_local_resident_dispatch.py
  tests/test_local_resident_lifecycle.py
  tests/test_local_resident_locking.py
  tests/test_local_resident_metadata.py
  tests/test_local_resident_mover.py
  tests/test_local_resident_space_isolation.py
  tests/test_local_resident_stage2.py
  tests/test_local_scratch_core_recipes.py
  tests/test_local_scratch_decorated_refusals.py
  tests/test_local_scratch_host_kind.py
  tests/test_local_scratch_measured_placement.py
  tests/test_local_scratch_retained_review_boundaries.py
  tests/test_local_tier_capacity.py
  tests/test_logical_pricing_snapshot.py
  tests/test_logical_task_data_manifests.py
  tests/test_main_push_guard.py
  tests/test_maintenance_drain_ownership.py
  tests/test_manifest_map_env_injection.py
  tests/test_manifest_promotion_phase_seconds.py
  tests/test_manifest_rows_gain_residency_plans.py
  tests/test_marker_file_readers.py
  tests/test_materializer_git_runner_1318.py
  tests/test_measured_mem_roof_offer.py
  tests/test_measurement_census_reader_fence_1498.py
  tests/test_measurement_census_tolerates_an_unorderable_ready_record_1506.py
  tests/test_measurement_clear_ambient_1422.py
  tests/test_measurement_drains_gpu_backfill.py
  tests/test_measurement_foreign_ambient.py
  tests/test_measurement_foreign_ambient_withholds.py
  tests/test_measurement_foreign_load_starvation.py
  tests/test_measurement_kernel_noise_1399.py
  tests/test_measurement_reservation_backfill_1419.py
  tests/test_measurement_reservation_census_1419.py
  tests/test_measurement_reservation_undeclared_incumbent_1419.py
  tests/test_measurement_sampler_unknown.py
  tests/test_measurement_unmeasured_carry.py
  tests/test_measurement_unmeasured_timeout.py
  tests/test_membership_handoff_carrier.py
  tests/test_membership_published_entrypoint.py
  tests/test_membership_retry_continues_frozen_window.py
  tests/test_membership_retry_preserves_staged_action.py
  tests/test_memory_only_framebuffer_window.py
  tests/test_missing_input_visibility.py
  tests/test_missing_produced_input_terminal.py
  tests/test_mount_latency.py
  tests/test_mount_lock_identity.py
  tests/test_mount_probe_tracks_completed_unreaped_child.py
  tests/test_movement_tool_roots_1659.py
  tests/test_mover_receipts_are_keyed_on_pool_identity.py
  tests/test_n_consumers_of_one_range_share_one_copy.py
  tests/test_needrestart_broker_restart_exclusion.py
  tests/test_nfs_readahead.py
  tests/test_nsys_docker_refusal.py
  tests/test_offer_refusal_retry.py
  tests/test_one_publisher_parses_unchanged_publication_metadata_once.py
  tests/test_output_lock_identity.py
  tests/test_output_lock_identity_1299.py
  tests/test_output_window_obligation.py
  tests/test_paced_exports_share_a_tier.py
  tests/test_partial_owner_cannot_adopt_full_range.py
  tests/test_pb823_same_generation_republish.py
  tests/test_pb893_cover_lookup_reuses_unchanged_documents.py
  tests/test_pb_gc.py
  tests/test_pbcampaign.py
  tests/test_pbcampaign_inflight.py
  tests/test_pbcampaign_malformed_row.py
  tests/test_pbcampaign_observation_retry.py
  tests/test_pbcampaign_residency_and_cpus_rows.py
  tests/test_pbcanary_integration.py
  tests/test_pbcanary_legs12.py
  tests/test_pbcanary_verdict.py
  tests/test_pbevidence_ships_with_the_generation_1598.py
  tests/test_pbgang_member_options_1517.py
  tests/test_pbmcp_arguments.py
  tests/test_pbmcp_bounded.py
  tests/test_pbmcp_claim_identity.py
  tests/test_pbmcp_cursors.py
  tests/test_pbmcp_denials.py
  tests/test_pbmcp_generation.py
  tests/test_pbmcp_movers.py
  tests/test_pbmcp_preemption.py
  tests/test_pbmcp_protocol.py
  tests/test_pbmcp_read_only.py
  tests/test_pbmcp_reader_lifecycle.py
  tests/test_pbmcp_receipts.py
  tests/test_pbmcp_retained_history_root_review.py
  tests/test_pbmcp_snapshot_filters.py
  tests/test_pbmcp_startup.py
  tests/test_pbmcp_starvation.py
  tests/test_pbmcp_tier.py
  tests/test_pbmcp_tools.py
  tests/test_pbmcp_withdrawn_attempt_history.py
  tests/test_pbmergeq.py
  tests/test_pbmergeq_review_regressions.py
  tests/test_pbmergeq_runtime.py
  tests/test_pbmetrics.py
  tests/test_pbmetrics_install.py
  tests/test_pbmetrics_kept_reads.py
  tests/test_pbmetrics_kept_reads_follow_changes.py
  tests/test_pbmetrics_resource_profile.py
  tests/test_pbmetrics_starvation.py
  tests/test_pbrun_bounded_attachment.py
  tests/test_pbrun_bounded_pool_wait.py
  tests/test_pbrun_bundle_determinism.py
  tests/test_pbrun_cache_hit.py
  tests/test_pbrun_container_lifecycle.py
  tests/test_pbrun_cpu_slot_has_no_gpu.py
  tests/test_pbrun_cross_box_cwd.py
  tests/test_pbrun_declared_memory.py
  tests/test_pbrun_declares_container_images.py
  tests/test_pbrun_declares_cores.py
  tests/test_pbrun_detach.py
  tests/test_pbrun_exclude_reaches_worktrees.py
  tests/test_pbrun_exit_vocabulary.py
  tests/test_pbrun_expired_deadline_stays_expired.py
  tests/test_pbrun_gpu_contract.py
  tests/test_pbrun_help.py
  tests/test_pbrun_host_class.py
  tests/test_pbrun_launcher_layouts.py
  tests/test_pbrun_lost_claim_attribution.py
  tests/test_pbrun_multiline_argv.py
  tests/test_pbrun_no_default_deadline.py
  tests/test_pbrun_observation_retry.py
  tests/test_pbrun_outcome_verify_stale_lookup.py
  tests/test_pbrun_placement.py
  tests/test_pbrun_pool_measurement_class.py
  tests/test_pbrun_read_plan_storage_gate.py
  tests/test_pbrun_readonly_cwd.py
  tests/test_pbrun_recovers_overwritten_generation.py
  tests/test_pbrun_reseal.py
  tests/test_pbrun_residency_stage_submission.py
  tests/test_pbrun_retained_reader_wait.py
  tests/test_pbrun_retry_contract.py
  tests/test_pbrun_sealed_environment.py
  tests/test_pbrun_slurm_partition.py
  tests/test_pbrun_slurm_read_failure_headline.py
  tests/test_pbrun_slurm_record_write_failure.py
  tests/test_pbrun_spool_host_window.py
  tests/test_pbrun_stamp_overlay.py
  tests/test_pbrun_supersession_after_preparation_1585.py
  tests/test_pbrun_target_evidence_1598.py
  tests/test_pbrun_target_evidence_argv0_1598.py
  tests/test_pbrun_waits_for_this_run.py
  tests/test_pbrun_watches_failed.py
  tests/test_pbrun_withdraw.py
  tests/test_pbrun_withdrawal_reads_the_directory.py
  tests/test_pbsnapshot.py
  tests/test_pbstatus.py
  tests/test_pbstatus_cancellation_review.py
  tests/test_pbstatus_deadline.py
  tests/test_pbstatus_ending_completeness_review.py
  tests/test_pbstatus_nfs_readahead.py
  tests/test_pbstatus_pool.py
  tests/test_pbstatus_queue_root.py
  tests/test_pbstatus_reader_failures.py
  tests/test_pbstatus_review_boundaries.py
  tests/test_pbstatus_starvation.py
  tests/test_pbstatus_stat_predicates_review.py
  tests/test_pbtest.py
  tests/test_pbtest_attempt_temp_1542.py
  tests/test_pbtest_balances_shards_by_measured_duration.py
  tests/test_pbtest_bounds_every_test_it_shards.py
  tests/test_pbtest_bounds_resident_clients_1348.py
  tests/test_pbtest_capability_claim_eligibility.py
  tests/test_pbtest_capability_cohorts.py
  tests/test_pbtest_cpu_shards_declare_their_bound.py
  tests/test_pbtest_dependency_pins.py
  tests/test_pbtest_digest_owner_shard_1553.py
  tests/test_pbtest_empty_capability_union_1495.py
  tests/test_pbtest_exit_completion_1530.py
  tests/test_pbtest_fleet_data_needs_a_manifest.py
  tests/test_pbtest_gpu_options.py
  tests/test_pbtest_gpu_shards_declare_their_bound.py
  tests/test_pbtest_honours_collect_ignore_1304.py
  tests/test_pbtest_incomplete_summary_1365.py
  tests/test_pbtest_interrupted_trace_1455.py
  tests/test_pbtest_native_directory_collection_1458.py
  tests/test_pbtest_outcomes_load_is_lazy_1554.py
  tests/test_pbtest_prints_its_action_keys.py
  tests/test_pbtest_reconciles_outcomes.py
  tests/test_pbtest_records_skip_reasons.py
  tests/test_pbtest_recovers_unobserved.py
  tests/test_pbtest_reports_whether_pytest_ran.py
  tests/test_pbtest_requested_paths.py
  tests/test_pbtest_reserves_disk_metadata.py
  tests/test_pbtest_reserves_its_threads.py
  tests/test_pbtest_retries_an_offer_discovery_timeout.py
  tests/test_pbtest_sealed_basetemp_1469.py
  tests/test_pbtest_seals_interpreter_1462.py
  tests/test_pbtest_seals_its_shard_deadline.py
  tests/test_pbtest_streams_pbrun_lines.py
  tests/test_pbtest_tmp_retention_option_1535.py
  tests/test_pbtest_trace_pinned_procfs_reader_1550.py
  tests/test_pbtest_unobserved_outcome.py
  tests/test_pbtest_worker_threads_1192.py
  tests/test_pbtest_workers.py
  tests/test_pbtest_xdist_shared_skip_1220.py
  tests/test_pbwait.py
  tests/test_pbwait_bounded_observation.py
  tests/test_pbwait_finds_a_later_submission.py
  tests/test_pbwait_observation_retry.py
  tests/test_pbwait_retained_reader_wait.py
  tests/test_pbwait_summary_conflict.py
  tests/test_pbwait_waits_through_a_finish_in_flight.py
  tests/test_placement_can_open_the_runtime_it_seals.py
  tests/test_planner_filed_rows_are_staged.py
  tests/test_pool.py
  tests/test_pool_action_timeout.py
  tests/test_pool_admission_staleness_is_not_placement.py
  tests/test_pool_ambiguous_holder_recovery.py
  tests/test_pool_attempt_history.py
  tests/test_pool_broker_disconnect.py
  tests/test_pool_busy_box_cannot_sample_itself_free.py
  tests/test_pool_capacity_mint_markers.py
  tests/test_pool_checkpoint_budget.py
  tests/test_pool_claim_generation.py
  tests/test_pool_claim_race_names_the_winner.py
  tests/test_pool_claim_record_shape.py
  tests/test_pool_claim_window.py
  tests/test_pool_claimant_private_reservation.py
  tests/test_pool_cleanup_scope_shape.py
  tests/test_pool_cpu_tiers.py
  tests/test_pool_cpu_work_yields_gpu_host.py
  tests/test_pool_cross_resource_placement.py
  tests/test_pool_entomb_refusal.py
  tests/test_pool_enumeration_stale_handle.py
  tests/test_pool_execution_observation.py
  tests/test_pool_finish_cleanup_retry.py
  tests/test_pool_finish_lost_race.py
  tests/test_pool_finish_tombstone.py
  tests/test_pool_finish_torn_terminal.py
  tests/test_pool_holder_contradiction.py
  tests/test_pool_late_finisher.py
  tests/test_pool_late_scope.py
  tests/test_pool_maintenance.py
  tests/test_pool_observes_the_daemon_spawned_child.py
  tests/test_pool_offer_clock_skew.py
  tests/test_pool_offer_scan_freshness.py
  tests/test_pool_offers_stale_handle.py
  tests/test_pool_orphan_identity.py
  tests/test_pool_orphan_reservation.py
  tests/test_pool_placement_census.py
  tests/test_pool_poison_record_is_a_denial.py
  tests/test_pool_preempts_a_background_holder.py
  tests/test_pool_prewarm_receipt_retention.py
  tests/test_pool_queue_default_root.py
  tests/test_pool_read_pressure_signal.py
  tests/test_pool_ready_late_finisher.py
  tests/test_pool_ready_transition_recovery.py
  tests/test_pool_reaper_claim_identity.py
  tests/test_pool_reaper_lease_identity.py
  tests/test_pool_reaper_rereads_finish_pending.py
  tests/test_pool_receipt_reconciliation.py
  tests/test_pool_release_metadata_order.py
  tests/test_pool_releases_tokens_on_the_holder.py
  tests/test_pool_requeue_shape.py
  tests/test_pool_reset_record_rewrite.py
  tests/test_pool_reset_refusal.py
  tests/test_pool_reset_transport.py
  tests/test_pool_resource_scope.py
  tests/test_pool_retry_own_pending_finishes_1403.py
  tests/test_pool_retry_survives_a_corrupt_claimed_record_1403.py
  tests/test_pool_scope_creation_recovery.py
  tests/test_pool_sweep_is_throttled_to_the_heartbeat.py
  tests/test_pool_tier_mint_lock.py
  tests/test_pool_tier_reservations.py
  tests/test_pool_tombstone_capacity.py
  tests/test_pool_transition_lock.py
  tests/test_pool_unreadable_ready_record.py
  tests/test_pool_unstarted_claim_is_released.py
  tests/test_pool_unstarted_late_finish.py
  tests/test_pool_widowed_lease_owner.py
  tests/test_pool_widowed_lease_transition.py
  tests/test_pool_withdraw.py
  tests/test_pool_withdraw_after_a_retry.py
  tests/test_pool_withdraw_detail.py
  tests/test_pool_withdraw_names_the_holder.py
  tests/test_pool_withdraw_successor_identity.py
  tests/test_pool_withdraw_waits_for_the_stop.py
  tests/test_pool_withdrawn_retention_1533.py
  tests/test_posix_lock.py
  tests/test_power_reference_is_gpu_only.py
  tests/test_preemption_handoff_admission.py
  tests/test_preemption_is_visible_to_readers.py
  tests/test_preemption_review_boundaries.py
  tests/test_prelaunch_admission_1594.py
  tests/test_prelaunch_group_reconcile_1594.py
  tests/test_prelaunch_group_turn_1594.py
  tests/test_prelaunch_holder_audit_1594.py
  tests/test_prelaunch_ledger_primitives_1594.py
  tests/test_prelaunch_manifest_1594.py
  tests/test_prelaunch_minted_capacity_1594.py
  tests/test_prelaunch_needs_1594.py
  tests/test_prelaunch_plan_1594.py
  tests/test_prelaunch_recovery_claim_interval_1637.py
  tests/test_prelaunch_review_1594.py
  tests/test_prelaunch_same_key_resubmission_after_withdrawal.py
  tests/test_prelaunch_second_capture_1628.py
  tests/test_prelaunch_shared_pinned_begin_1690.py
  tests/test_prelaunch_tier_gate_1594.py
  tests/test_prelaunch_tier_module_1594.py
  tests/test_prelaunch_tier_publish_1594.py
  tests/test_prelaunch_waiter_frees_orphans_1594.py
  tests/test_prelaunch_window_1594.py
  tests/test_prepaid_output_funding.py
  tests/test_prepaid_writer_integration.py
  tests/test_prewarm_defers_to_tier_planner.py
  tests/test_prewarm_rollout.py
  tests/test_priority_reason.py
  tests/test_private_claim_admission_compat_1419.py
  tests/test_process_group_termination.py
  tests/test_process_io_departures.py
  tests/test_process_io_discovery.py
  tests/test_process_io_identity.py
  tests/test_process_io_membership.py
  tests/test_produced_batches_keep_distinct_stage_paths.py
  tests/test_produced_output_admission.py
  tests/test_produced_output_lifecycle.py
  tests/test_produced_output_lifecycle_r2.py
  tests/test_produced_output_restage.py
  tests/test_produced_output_restage_fill.py
  tests/test_produced_output_scope.py
  tests/test_produced_output_tier_host_egress.py
  tests/test_produced_spool.py
  tests/test_produced_spool_host_window.py
  tests/test_produced_spool_paced_export.py
  tests/test_producer_snapshot_is_proven.py
  tests/test_profile_primary_checkpoint.py
  tests/test_profile_source_cleanliness_1459.py
  tests/test_profile_summary_timeout.py
  tests/test_profile_window_deadline.py
  tests/test_progress_declared_allowances.py
  tests/test_progress_keeps_a_working_action_alive.py
  tests/test_progress_reporting_boundaries.py
  tests/test_progress_reporting_is_reachable_from_any_action.py
  tests/test_progress_write_atomic_1311.py
  tests/test_prune_root_acceptance.py
  tests/test_publication_canary_handoff.py
  tests/test_publication_canary_main.py
  tests/test_publication_canary_mint_deadline.py
  tests/test_publication_canary_slot.py
  tests/test_publication_canary_timeout_diagnostics.py
  tests/test_publication_refusal_stops_the_range.py
  tests/test_publication_refuses_a_dropped_roster_option_1664.py
  tests/test_publish_refuses_a_live_key.py
  tests/test_publish_runtime.py
  tests/test_pytest_tmp_retention_failed.py
  tests/test_qualify_docker_stop_1599.py
  tests/test_qualify_scratch_lifetime.py
  tests/test_r12_and_the_capture_replay_under_the_refill_horizon.py
  tests/test_r13_private_box_state_1542.py
  tests/test_r3_repro.py
  tests/test_r4_recovery.py
  tests/test_r6_tier_mutation_exclusion.py
  tests/test_ram_adoption_metadata_amplification_repro.py
  tests/test_ram_chunk_fragments_compose_to_one_overlay.py
  tests/test_ram_epoch_sweep_preserves_live_advance.py
  tests/test_ram_fill_host_tokens_follow_the_fence.py
  tests/test_ram_host_hold_is_not_a_cpu_holder.py
  tests/test_ram_host_two_way_sync.py
  tests/test_ram_numa_observations_reach_operator_status.py
  tests/test_ram_own_consumer_change.py
  tests/test_ram_shared_source.py
  tests/test_ram_tier_one_pool_two_consumers.py
  tests/test_reader_and_history_byte_compatibility_1386.py
  tests/test_reader_launch_identity.py
  tests/test_reader_lease_lifetime.py
  tests/test_reader_refs_holder_unknown.py
  tests/test_readers_name_the_holder.py
  tests/test_ready_gpu_refusal_releases_cpu_admission.py
  tests/test_reaper_notes_the_fill_borrow_end.py
  tests/test_recompute_attempt_receipts.py
  tests/test_require_pool.py
  tests/test_require_pool_all_work.py
  tests/test_require_pool_clustered_option.py
  tests/test_require_pool_heredoc.py
  tests/test_require_pool_heredoc_redirection.py
  tests/test_require_pool_interpreters_are_configured.py
  tests/test_require_pool_mention.py
  tests/test_require_pool_no_device.py
  tests/test_require_pool_python_heredoc.py
  tests/test_require_pool_run_switch_substitution.py
  tests/test_require_pool_scheduler.py
  tests/test_require_pool_shell_boundaries.py
  tests/test_require_pool_substitution_heredoc.py
  tests/test_require_pool_vllm_carveout.py
  tests/test_residency_is_derived_and_gates_admission.py
  tests/test_resident_sets_records.py
  tests/test_resident_sets_status.py
  tests/test_resource_broker.py
  tests/test_resource_scope.py
  tests/test_retained_worker_proxy.py
  tests/test_retire_residency_plans_tool.py
  tests/test_retire_worker.py
  tests/test_retired_lock_files_keep_exclusion.py
  tests/test_retired_scope_reap_rechecks.py
  tests/test_role_log_migration_generation_integrity.py
  tests/test_role_log_migration_review_boundaries.py
  tests/test_rollout_coordinator.py
  tests/test_rollout_coordinator_identity_review.py
  tests/test_rollout_participant.py
  tests/test_rollout_qualification_guard.py
  tests/test_rollout_status.py
  tests/test_roster_presence_status.py
  tests/test_runtime_optional_digest_owner_reader.py
  tests/test_runtime_publication_1659.py
  tests/test_sample_docker_coverage.py
  tests/test_sample_profile.py
  tests/test_scratch_declaration_record.py
  tests/test_scratch_lifetime_directory.py
  tests/test_scratch_lifetime_pool.py
  tests/test_scratch_lifetime_sdk_contract.py
  tests/test_scratch_lifetime_selection.py
  tests/test_scratch_record_review_boundaries.py
  tests/test_sealed_output_capture.py
  tests/test_settle_consumed_pin.py
  tests/test_slurm.py
  tests/test_slurm_adapter_receipt_race.py
  tests/test_slurm_cache_hit_never_replaces_an_execution.py
  tests/test_slurm_cutover_admission_fence.py
  tests/test_slurm_cutover_gate.py
  tests/test_slurm_cutover_node_flags.py
  tests/test_slurm_epilog.py
  tests/test_slurm_epilog_docker_census_failure.py
  tests/test_slurm_install_scripts.py
  tests/test_slurm_job_item.py
  tests/test_slurm_job_state_file.py
  tests/test_slurm_lane.py
  tests/test_slurm_lane_latest_write.py
  tests/test_slurm_lane_sweeper.py
  tests/test_slurm_liveness.py
  tests/test_slurm_node_topology.py
  tests/test_slurm_outcome_generation_order.py
  tests/test_slurm_outcome_records.py
  tests/test_slurm_reader_fallback.py
  tests/test_slurm_singleton.py
  tests/test_slurm_smoke.py
  tests/test_slurm_smoke_multinode.py
  tests/test_slurm_submission_script_immutable.py
  tests/test_slurm_submit_timeout.py
  tests/test_slurm_transition_step_failures.py
  tests/test_slurm_verify_invalidates_a_prior_pass.py
  tests/test_slurm_wait_outages.py
  tests/test_slurm_withdraw_siblings.py
  tests/test_slurm_withdrawal_generation.py
  tests/test_slurm_withdrawal_marker_reads.py
  tests/test_smoke_nested_topology.py
  tests/test_smoke_prebuilt_image.py
  tests/test_smoke_publisher_seals_its_checkout.py
  tests/test_snapshot_cache_is_scoped_to_its_store.py
  tests/test_snapshot_git_refusal_1430.py
  tests/test_snapshot_ignores_personal_git_excludes.py
  tests/test_snapshot_refuses_a_sparse_checkout.py
  tests/test_snapshot_staged_ignored_paths.py
  tests/test_snapshot_symlink_containment.py
  tests/test_sorted_json_byte_profile.py
  tests/test_sparks_declare_gang_admission_1664.py
  tests/test_spent_output_retry_disposition.py
  tests/test_spool_declaration_is_charged_by_default_905.py
  tests/test_spool_poll_repin_evidence.py
  tests/test_stage_and_ram_chunks_tile_one_phase_independently.py
  tests/test_stage_capacity_counts_the_bytes_already_staged.py
  tests/test_stage_rounding_costs_no_free_capacity_1555.py
  tests/test_stage_stranded_funding_rolls_back_1555.py
  tests/test_stale_material_done_owner_retires.py
  tests/test_stale_mention_co_owner_cache.py
  tests/test_stale_mentions_partial_prune.py
  tests/test_storage_tiers.py
  tests/test_storage_tiers_v2_phase_ranges.py
  tests/test_superseded_origin_consumers.py
  tests/test_supervisor_adoption_keeps_matching_loops_1664.py
  tests/test_supervisor_backs_off_a_refused_role.py
  tests/test_supervisor_declares_the_spool_budget.py
  tests/test_supervisor_elastic_workers.py
  tests/test_supervisor_graceful_stop.py
  tests/test_supervisor_host_alias.py
  tests/test_supervisor_keeps_role_diagnostics_bounded.py
  tests/test_supervisor_no_churn_on_alternating_claims_1571.py
  tests/test_supervisor_owns_the_loops_it_signals.py
  tests/test_supervisor_reaps_children.py
  tests/test_supervisor_reexecs_on_publish.py
  tests/test_supervisor_rejects_forked_readers.py
  tests/test_supervisor_rereads_its_shape.py
  tests/test_supervisor_sees_a_held_claim.py
  tests/test_terminal_stdout_is_bounded.py
  tests/test_tested_repository.py
  tests/test_the_arbitration_holds_through_main.py
  tests/test_the_campaign_shape_harness.py
  tests/test_the_chunk_splitter_cuts_only_at_entry_boundaries.py
  tests/test_the_claim_cover_check_reuses_a_claims_derived_paths.py
  tests/test_the_claim_pass_lists_claimed_once.py
  tests/test_the_claim_pass_times_its_transition_holds.py
  tests/test_the_claim_poll_does_not_rebuild_the_layout.py
  tests/test_the_consumer_can_read_what_this_fleet_publishes.py
  tests/test_the_coordinator_proves_the_fleet_before_a_barrier.py
  tests/test_the_dead_consumer_cleanup_owns_its_generation.py
  tests/test_the_design_names_the_two_tier_sliding_relay.py
  tests/test_the_fill_supply_grows_until_the_pool_stops_keeping_up.py
  tests/test_the_fill_supply_probes_above_a_ceiling_paced_movers_cannot_refute.py
  tests/test_the_handoff_owns_its_caller_boundaries.py
  tests/test_the_holder_settles_its_container_transaction_before_release.py
  tests/test_the_landing_record_fits_its_reader_at_scale.py
  tests/test_the_launch_context_publishes_the_queue_root.py
  tests/test_the_newcomer_gate_counts_shared_growth_once.py
  tests/test_the_nonfinal_window_fences_its_advance.py
  tests/test_the_ordinary_pbrun_action_is_sealed_unchanged.py
  tests/test_the_origin_retirement_tick_reads_each_scope_once.py
  tests/test_the_payload_reads_its_own_cgroup_limits.py
  tests/test_the_prewarm_cycle_names_whose_reads_it_paced.py
  tests/test_the_prewarm_cycle_records_the_stage_it_did_not_use.py
  tests/test_the_prewarm_loop_boots_from_the_published_generation.py
  tests/test_the_prewarm_loop_follows_the_queues_own_claim_order.py
  tests/test_the_prewarm_loop_follows_the_running_actions_progress.py
  tests/test_the_prewarm_loop_leaves_claimed_work_alone.py
  tests/test_the_prewarm_loop_refuses_a_row_that_does_not_fit.py
  tests/test_the_prewarm_loop_skips_a_released_origin_consumer.py
  tests/test_the_prewarm_loop_stops_for_a_terminal_consumer.py
  tests/test_the_prewarm_loop_warms_more_than_one_row_when_they_fit.py
  tests/test_the_prewarm_loop_windows_a_manifest_larger_than_the_arc.py
  tests/test_the_prewarm_loop_windows_a_manifest_that_declares_no_phases.py
  tests/test_the_prewarm_pacer_does_not_hold_against_the_action_it_serves.py
  tests/test_the_prewarm_pacer_holds_only_when_a_client_is_reading.py
  tests/test_the_prewarm_reader_is_paced_by_the_disks.py
  tests/test_the_prewarm_stage_copies_the_window_it_reads.py
  tests/test_the_prewarm_stage_is_off_until_it_is_asked_for.py
  tests/test_the_prewarm_stage_releases_what_the_accepted_phase_passed.py
  tests/test_the_prewarm_stage_stops_at_the_capacity_it_discovered.py
  tests/test_the_pricing_log_prices_as_the_full_read.py
  tests/test_the_r13_dead_instance_gives_its_paths_back.py
  tests/test_the_ram_egress_frees_the_ram_range_before_the_stage_range.py
  tests/test_the_ram_floor_guard_subtracts_worker_demand.py
  tests/test_the_ram_leg_reports_only_what_the_bound_would_publish.py
  tests/test_the_ram_policy_is_a_publish_not_an_ssh.py
  tests/test_the_ram_promotion_is_chunked_at_window_quarters.py
  tests/test_the_ram_tier_announces_nothing_without_a_mount.py
  tests/test_the_ram_tier_refuses_a_mount_that_overcommits_the_box.py
  tests/test_the_ram_tier_refuses_a_noninterleaved_tmpfs.py
  tests/test_the_ram_tier_refuses_a_swappable_tmpfs.py
  tests/test_the_ram_window_fits_every_memory_node.py
  tests/test_the_ram_window_promotes_only_to_its_refill_horizon.py
  tests/test_the_ram_window_publishes_and_evicts_per_chunk.py
  tests/test_the_ram_window_publishes_only_what_the_tmpfs_can_hold.py
  tests/test_the_ram_window_reads_its_own_fence_back.py
  tests/test_the_reader_plan_measures_and_fails_open.py
  tests/test_the_reconcile_resolves_only_what_it_may_delete.py
  tests/test_the_reconcile_walk_reuses_only_what_moved.py
  tests/test_the_retirement_tick_reads_each_owner_once.py
  tests/test_the_sealed_ram_leg_is_chunked_per_phase.py
  tests/test_the_sealed_stage_leg_is_chunked_per_phase.py
  tests/test_the_sliding_ram_window_refills_as_it_frees.py
  tests/test_the_sliding_stage_window_refills_as_it_frees.py
  tests/test_the_stage_dataset_must_let_arc_hold_its_data.py
  tests/test_the_stage_record_announces_the_promotion_chunk.py
  tests/test_the_stage_window_publishes_and_evicts_per_chunk.py
  tests/test_the_submitted_window_pins_the_bytes_it_stages.py
  tests/test_the_tier_loop_drops_a_prior_epoch_and_holds.py
  tests/test_the_tier_loop_liveness_terms.py
  tests/test_the_window_publishes_only_what_the_stage_can_hold.py
  tests/test_the_window_stops_when_the_consumer_releases_nothing.py
  tests/test_the_withdrawal_precheck_reads_no_plan_without_a_marker.py
  tests/test_tier_admission_is_off_by_default.py
  tests/test_tier_demand_requires_a_residency_block.py
  tests/test_tier_discovery_agrees_with_the_prewarm_loops_copy.py
  tests/test_tier_funding.py
  tests/test_tier_ledger_directory_names.py
  tests/test_tier_loop_cooperative_boundary.py
  tests/test_tombstone_stat_outage_retains_work.py
  tests/test_tools_do_not_run_on_import.py
  tests/test_trace_decode_budget.py
  tests/test_two_phase_movers_of_one_staged_name_both_complete.py
  tests/test_uncharged_dead_owners_give_room_under_pressure.py
  tests/test_unified_memory_readahead_is_counted_once.py
  tests/test_unmeasured_readers_are_priced_from_declarations.py
  tests/test_unreadable_residency_evidence_is_not_a_clean_unstaged.py
  tests/test_unstarted_releases_are_surfaced.py
  tests/test_verified_action_result.py
  tests/test_vllm_exemption_is_one_ruling.py
  tests/test_wait_record_failures.py
  tests/test_window_multiconsumer_liveness.py
  tests/test_window_progress_protection.py
  tests/test_window_two_consumers_hold_and_wait.py
  tests/test_withdraw_end_to_end.py
  tests/test_withdraw_generation.py
  tests/test_withdrawal_retires_the_plan_it_minted.py
  tests/test_withdrawn_and_receiptless_owners_are_retired.py
  tests/test_worker_disk_metadata_admission.py
  tests/test_worker_gpu_adaptive_contract.py
  tests/test_worker_interpreters_are_pb_owned.py
  tests/test_worker_loop_bounded_offer_publication.py
  tests/test_worker_loop_bounded_queue_discovery.py
  tests/test_worker_loop_brackets_the_ledger_read.py
  tests/test_worker_loop_cooperative_shutdown.py
  tests/test_worker_loop_follows_a_rename.py
  tests/test_worker_loop_offers_its_affinity.py
  tests/test_worker_loop_offers_what_is_free.py
  tests/test_worker_loop_park_boundary.py
  tests/test_worker_loop_proves_it_parked.py
  tests/test_worker_loop_reloads_unversioned.py
  tests/test_worker_loop_retires_every_kind.py
  tests/test_worker_offer_announcement_is_bounded.py
  tests/test_worker_offer_counts_the_boxs_loops.py
  tests/test_worker_one_shot_obeys_the_stops.py
  tests/test_worker_signal_ownership.py
  tests/test_worker_sweeps_its_own_dead_tmp_offers_1040.py
  tests/test_would_block_open.py
  tests/test_write_json_owner_1297.py
  tests/test_write_only_produced_output.py
  tests/tier2_acceptance.py
  tests/tier2_availability.py
  tools/50-prismabuild-resource-broker.conf
  tools/deferred_release.py
  tools/docker
  tools/fleet/50-prismabuild-resource-broker.conf
  tools/fleet/deferred_release.py
  tools/fleet/docker
  tools/fleet/fleet_boxes.json
  tools/fleet/fleet_membership.py
  tools/fleet/fleet_roster.py
  tools/fleet/fleet_submit.py
  tools/fleet/install_client_upgrader.sh
  tools/fleet/install_movement_publisher.sh
  tools/fleet/install_pbmetrics.sh
  tools/fleet/install_ram_mount_unit.py
  tools/fleet/install_resource_broker.sh
  tools/fleet/install_supervisor_unit.sh
  tools/fleet/local_resident.py
  tools/fleet/local_scratch_profile.py
  tools/fleet/local_tier_loop.py
  tools/fleet/local_tier_policy.json
  tools/fleet/manifest_promotion.py
  tools/fleet/migrate_role_logs.py
  tools/fleet/mount_latency.py
  tools/fleet/pb_gc.py
  tools/fleet/pbcampaign.py
  tools/fleet/pbevidence.py
  tools/fleet/pbgang.py
  tools/fleet/pbmcp.py
  tools/fleet/pbmergeq.py
  tools/fleet/pbmergeq_runtime.py
  tools/fleet/pbmetrics.py
  tools/fleet/pbrecover_checkout.py
  tools/fleet/pbresident.py
  tools/fleet/pbrun.py
  tools/fleet/pbsnapshot.py
  tools/fleet/pbstatus.py
  tools/fleet/pbsweep.py
  tools/fleet/pbtest.py
  tools/fleet/pbtest_capabilities.py
  tools/fleet/pbtest_collection.py
  tools/fleet/pbtest_outcomes.py
  tools/fleet/pbtest_pins.py
  tools/fleet/pbwait.py
  tools/fleet/pool_reset.py
  tools/fleet/prelaunch_tier.py
  tools/fleet/prewarm_loop.py
  tools/fleet/produced_export.py
  tools/fleet/publish_runtime.py
  tools/fleet/qualify_needrestart_broker_deferral.py
  tools/fleet/qualify_resource_scope.py
  tools/fleet/ram_promote.py
  tools/fleet/ram_tier_policy.json
  tools/fleet/require_pool.py
  tools/fleet/resource_broker.py
  tools/fleet/resource_exec.py
  tools/fleet/resource_payload.py
  tools/fleet/retire_residency_plans.py
  tools/fleet/retire_worker.py
  tools/fleet/role_log_identity.py
  tools/fleet/runtime_paths.py
  tools/fleet/runtime_process_census.py
  tools/fleet/seal_and_publish.py
  tools/fleet/slurm_job.py
  tools/fleet/stage_move.py
  tools/fleet/stage_reclaim.py
  tools/fleet/stage_release.py
  tools/fleet/stage_rounding.py
  tools/fleet/supervise.py
  tools/fleet/tier_loop.py
  tools/fleet/upgrade_client.py
  tools/fleet/worker.py
  tools/fleet/worker_loop.py
  tools/fleet_boxes.json
  tools/fleet_membership.py
  tools/fleet_roster.py
  tools/fleet_submit.py
  tools/install_client_upgrader.sh
  tools/install_movement_publisher.sh
  tools/install_pbmetrics.sh
  tools/install_ram_mount_unit.py
  tools/install_resource_broker.sh
  tools/install_supervisor_unit.sh
  tools/local_resident.py
  tools/local_scratch_profile.py
  tools/local_tier_loop.py
  tools/local_tier_policy.json
  tools/manifest_promotion.py
  tools/migrate_role_logs.py
  tools/mount_latency.py
  tools/pb_gc.py
  tools/pbcampaign.py
  tools/pbevidence.py
  tools/pbgang.py
  tools/pbmcp.py
  tools/pbmergeq.py
  tools/pbmergeq_runtime.py
  tools/pbmetrics.py
  tools/pbrecover_checkout.py
  tools/pbresident.py
  tools/pbrun.py
  tools/pbsnapshot.py
  tools/pbstatus.py
  tools/pbsweep.py
  tools/pbtest.py
  tools/pbtest_capabilities.py
  tools/pbtest_collection.py
  tools/pbtest_outcomes.py
  tools/pbtest_pins.py
  tools/pbwait.py
  tools/pool_reset.py
  tools/prelaunch_tier.py
  tools/prewarm_loop.py
  tools/prismabuild_worker.py
  tools/produced_export.py
  tools/profile_torch.py
  tools/publish_runtime.py
  tools/qualify_needrestart_broker_deferral.py
  tools/qualify_resource_scope.py
  tools/ram_promote.py
  tools/ram_tier_policy.json
  tools/require_pool.py
  tools/resource_broker.py
  tools/resource_exec.py
  tools/resource_payload.py
  tools/retire_residency_plans.py
  tools/retire_worker.py
  tools/role_log_identity.py
  tools/runtime_paths.py
  tools/runtime_process_census.py
  tools/seal_and_publish.py
  tools/slurm_job.py
  tools/stage_move.py
  tools/stage_reclaim.py
  tools/stage_release.py
  tools/stage_rounding.py
  tools/supervise.py
  tools/tier_loop.py
  tools/upgrade_client.py
  tools/worker.py
  tools/worker_loop.py
  worker-expansion-design.md
