pbrun: no worker has answered for the interpreter /home/rob/venvs/pb-cpu/bin/python yet; the action publishes, the claim-time check guards every box, and the fleet's next poll places it where the path lives.
pbrun: queued 877f6e80fdd63f8a6325587f58980aa3505c86d2db152f4060d1b3c4d2a77663 tags=['x86'] demand={'mem_gb': 8, 'cpu': 2}  [no GPU: CUDA_VISIBLE_DEVICES=''] published_unix=1791172799.9277787
pbrun: attempt 1/1 failed (failed)
the shape gate receipt does not cover 0ca1cbaedfc6: 62d92ebd416b collected ['tests/gate_campaign_shape.py::test_the_reference_campaign_shape_stages_and_reads_back[682e7b0a859f]', 'tests/gate_campaign_shape.py::test_the_reference_campaign_shape_stages_and_reads_back[bc2a3bc8ad11]', 'tests/test_census_lock_set_1498.py::test_a_busy_election_for_another_host_does_not_block_this_one', 'tests/test_census_lock_set_1498.py::test_a_busy_election_on_this_host_still_fences_lower_priority_work', 'tests/test_census_lock_set_1498.py::test_twelve_loops_and_forty_ready_measurements_still_admit', 'tests/test_measurement_census_reader_fence_1498.py::test_a_busy_fence_refuses_before_any_transition_or_host_lock', 'tests/test_measurement_census_reader_fence_1498.py::test_the_reader_fence_holds_across_discovery_and_refresh', 'tests/test_measurement_reservation_census_1419.py::test_busy_measurement_key_is_nonblocking_even_with_stale_candidates', 'tests/test_measurement_reservation_census_1419.py::test_census_cap_is_unknown_not_an_empty_election', 'tests/test_measurement_reservation_census_1419.py::test_claim_defer_retry_preserves_one_election', 'tests/test_measurement_reservation_census_1419.py::test_claimed_tombstone_ready_defer_gap_never_loses_election', 'tests/test_measurement_reservation_census_1419.py::test_corrupt_selector_never_disappears_into_legacy_attention[generation]', 'tests/test_measurement_reservation_census_1419.py::test_corrupt_selector_never_disappears_into_legacy_attention[host]', 'tests/test_measurement_reservation_census_1419.py::test_corrupt_selector_never_disappears_into_legacy_attention[opportunity_unix]', 'tests/test_measurement_reservation_census_1419.py::test_elected_identity_or_evidence_loss_never_authorizes_refill[corrupt]', 'tests/test_measurement_reservation_census_1419.py::test_elected_identity_or_evidence_loss_never_authorizes_refill[cpu_unknown]', 'tests/test_measurement_reservation_census_1419.py::test_elected_identity_or_evidence_loss_never_authorizes_refill[foreign]', 'tests/test_measurement_reservation_census_1419.py::test_elected_identity_or_evidence_loss_never_authorizes_refill[missing]', 'tests/test_measurement_reservation_census_1419.py::test_lock_only_gate_preserves_nonadaptive_decisions', 'tests/test_measurement_reservation_census_1419.py::test_locked_authoritative_retirement_allows_lower_progress[successor]', 'tests/test_measurement_reservation_census_1419.py::test_locked_authoritative_retirement_allows_lower_progress[terminal]', 'tests/test_measurement_reservation_census_1419.py::test_locked_authoritative_retirement_allows_lower_progress[withdrawal]', 'tests/test_measurement_reservation_census_1419.py::test_measurement_keys_and_H_cover_begin_but_not_commit', 'tests/test_measurement_reservation_census_1419.py::test_mixed_capacity_claim_cannot_bypass_an_adaptive_election', 'tests/test_measurement_reservation_census_1419.py::test_mixed_lock_contention_is_nonblocking_and_takes_no_tokens', 'tests/test_measurement_reservation_census_1419.py::test_new_unlocked_measurement_at_refresh_restarts_without_tokens', 'tests/test_measurement_reservation_census_1419.py::test_persisted_live_reader_blocks_restart_before_another_fork', 'tests/test_measurement_reservation_census_1419.py::test_stale_prefetch_cannot_omit_an_elected_measurement', 'tests/test_measurement_reservation_census_1419.py::test_two_host_election_is_one_persisted_generation_choice', 'tests/test_measurement_reservation_census_1419.py::test_unavailable_host_identity_refuses_nonadaptive_capacity_claim', 'tests/test_measurement_reservation_census_1419.py::test_unmanaged_claim_is_refused_without_changing_elected_ownership'], not the reference set ['tests/gate_campaign_shape.py::test_the_reference_campaign_shape_stages_and_reads_back[682e7b0a859f]', 'tests/gate_campaign_shape.py::test_the_reference_campaign_shape_stages_and_reads_back[bc2a3bc8ad11]'].  Nothing was published.
pbrun: log capture executable=/usr/bin/gnutee
Traceback (most recent call last):
  File "/mnt/shared/prismabuild-fleet/runtime-generations/8b1ca256b0f4-1791149333-491f29398f94/tools/prismabuild_worker.py", line 72, in <module>
    raise SystemExit(main(worker_launcher_identity=_WORKER_LAUNCHER_IDENTITY))
                     ~~~~^^^^^^^^^^^^^^^^^^^^^^^^^^^^^^^^^^^^^^^^^^^^^^^^^^^^
  File "/mnt/shared/prismabuild-fleet/runtime-generations/8b1ca256b0f4-1791149333-491f29398f94/src/prismabuild/core.py", line 8890, in main
    result = run_local_action(
        action,
    ...<5 lines>...
        initial_miss_rendezvous=args.initial_miss_rendezvous,
    )
  File "/mnt/shared/prismabuild-fleet/runtime-generations/8b1ca256b0f4-1791149333-491f29398f94/src/prismabuild/core.py", line 8147, in run_local_action
    raise LocalActionError(
    ...<14 lines>...
    )
prismabuild.core.LocalActionError: action argv exited with status 1
pbrun: failed on dl380g10 in 8s; rss=502.0M io w=14.8M r=20.3M
