09:23:50Z tier: {"capacity": 1439, "held": 1404, "free": 35, "holders": 300, "live_holders": 0}
09:23:50Z preflight ok
09:24:23Z tier: {"capacity": 1439, "held": 1404, "free": 35, "holders": 300, "live_holders": 0}
09:24:23Z preflight ok
09:24:23Z submitting the probe (detached)
09:24:29Z submit output: pbrun: v2 read plan requires linear progress reporting with every read phase named
09:24:29Z ABORT: no action key in the submit output
09:24:52Z tier: {"capacity": 1439, "held": 1404, "free": 35, "holders": 300, "live_holders": 0}
09:24:52Z preflight ok
09:24:52Z submitting the probe (detached)
09:24:58Z submit output: pbrun: staging 1 phases onto prismabuild-stage:dl380g10; phase 'probe' (44 GiB) next, for the tiers loop to adopt or publish
pbrun: queued <REDACTED-64HEX> tags=['progress-helper-v1', 'progress-v1', 'x86'] demand={'mem_gb': 2, 'cpu': 1}  [no GPU: CUDA_VISIBLE_DEVICES=''] published_unix=1791451498.8452585
{"action_key": "<REDACTED-64HEX>", "done": "/mnt/shared/prismabuild-fleet/pb-queue/done/<REDACTED-64HEX>.json", "failed": "/mnt/shared/prismabuild-fleet/pb-queue/failed/<REDACTED-64HEX>.json", "job_id": null, "published_unix": 1791451498.8452585, "schema": "prismaquant.prismabuild.pbrun_detach.v1", "status": "submitted", "submission": "/mnt/shared/prismabuild-fleet/pb-queue/ready/<REDACTED-64HEX>.json", "transport": "pool", "withdrawn": "/mnt/shared/prismabuild-fleet/pb-queue/withdrawn/<REDACTED-64HEX>.json"}
09:24:58Z probe key <REDACTED-64HEX>
09:25:00Z watch: {"state": "ready", "free": 35, "held": 1404, "leads": 2, "leads_holding": 0, "events": {"ram-window-stalled": 1, "prelaunch-waiting": 1, "window-stalled": 1, "window-gated": 1}, "skips": []}
09:25:12Z watch: {"state": "ready", "free": 31, "held": 1408, "leads": 2, "leads_holding": 0, "events": {"ram-window-stalled": 2, "prelaunch-waiting": 1, "window-stalled": 2, "window-gated": 1, "prelaunch-group-begun": 1}, "skips": []}
09:25:23Z watch: {"state": "ready", "free": 32, "held": 1381, "leads": 2, "leads_holding": 0, "events": {"ram-window-stalled": 2, "prelaunch-waiting": 1, "window-stalled": 2, "window-gated": 1, "prelaunch-group-begun": 1}, "skips": []}
09:25:35Z watch: {"state": "ready", "free": 53, "held": 1359, "leads": 2, "leads_holding": 0, "events": {"ram-window-stalled": 3, "prelaunch-waiting": 1, "window-stalled": 3, "window-gated": 1, "prelaunch-group-begun": 1, "prelaunch-acquisition-committed": 1}, "skips": []}
09:25:47Z watch: {"state": "ready", "free": 52, "held": 1359, "leads": 2, "leads_holding": 2, "events": {"ram-window-stalled": 6, "prelaunch-waiting": 1, "window-stalled": 3, "window-gated": 1, "prelaunch-group-begun": 1, "prelaunch-acquisition-committed": 1, "prelaunch-group-committed": 1, "mover-published": 2, "prelaunch-chunk-published": 2}, "skips": []}
09:25:59Z watch: {"state": "ready", "free": 46, "held": 1359, "leads": 2, "leads_holding": 2, "events": {"ram-window-stalled": 8, "prelaunch-waiting": 1, "window-stalled": 3, "window-gated": 1, "prelaunch-group-begun": 1, "prelaunch-acquisition-committed": 1, "prelaunch-group-committed": 1, "mover-published": 2, "prelaunch-chunk-published": 2}, "skips": []}
09:26:10Z watch: {"state": "ready", "free": 41, "held": 1359, "leads": 2, "leads_holding": 2, "events": {"ram-window-stalled": 10, "prelaunch-waiting": 1, "window-stalled": 3, "window-gated": 1, "prelaunch-group-begun": 1, "prelaunch-acquisition-committed": 1, "prelaunch-group-committed": 1, "mover-published": 2, "prelaunch-chunk-published": 2}, "skips": []}
09:26:22Z watch: {"state": "ready", "free": 36, "held": 1359, "leads": 2, "leads_holding": 2, "events": {"ram-window-stalled": 13, "prelaunch-waiting": 1, "window-stalled": 3, "window-gated": 1, "prelaunch-group-begun": 1, "prelaunch-acquisition-committed": 1, "prelaunch-group-committed": 1, "mover-published": 2, "prelaunch-chunk-published": 2}, "skips": []}
09:26:34Z watch: {"state": "ready", "free": 29, "held": 1359, "leads": 2, "leads_holding": 2, "events": {"ram-window-stalled": 15, "prelaunch-waiting": 1, "window-stalled": 3, "window-gated": 1, "prelaunch-group-begun": 1, "prelaunch-acquisition-committed": 1, "prelaunch-group-committed": 1, "mover-published": 2, "prelaunch-chunk-published": 2}, "skips": []}
09:26:46Z watch: {"state": "ready", "free": 24, "held": 1359, "leads": 2, "leads_holding": 2, "events": {"ram-window-stalled": 17, "prelaunch-waiting": 1, "window-stalled": 3, "window-gated": 1, "prelaunch-group-begun": 1, "prelaunch-acquisition-committed": 1, "prelaunch-group-committed": 1, "mover-published": 2, "prelaunch-chunk-published": 2}, "skips": []}
09:26:59Z watch: {"state": "ready", "free": 24, "held": 1359, "leads": 2, "leads_holding": 2, "events": {"ram-window-stalled": 20, "prelaunch-waiting": 1, "window-stalled": 3, "window-gated": 1, "prelaunch-group-begun": 1, "prelaunch-acquisition-committed": 1, "prelaunch-group-committed": 1, "mover-published": 2, "prelaunch-chunk-published": 2}, "skips": []}
09:27:11Z watch: {"state": "ready", "free": 18, "held": 1359, "leads": 2, "leads_holding": 2, "events": {"ram-window-stalled": 22, "prelaunch-waiting": 1, "window-stalled": 3, "window-gated": 1, "prelaunch-group-begun": 1, "prelaunch-acquisition-committed": 1, "prelaunch-group-committed": 1, "mover-published": 2, "prelaunch-chunk-published": 2}, "skips": []}
09:27:22Z watch: {"state": "ready", "free": 14, "held": 1359, "leads": 2, "leads_holding": 2, "events": {"ram-window-stalled": 24, "prelaunch-waiting": 1, "window-stalled": 3, "window-gated": 1, "prelaunch-group-begun": 1, "prelaunch-acquisition-committed": 1, "prelaunch-group-committed": 1, "mover-published": 2, "prelaunch-chunk-published": 2}, "skips": []}
09:27:34Z watch: {"state": "ready", "free": 13, "held": 1359, "leads": 2, "leads_holding": 2, "events": {"ram-window-stalled": 26, "prelaunch-waiting": 1, "window-stalled": 3, "window-gated": 1, "prelaunch-group-begun": 1, "prelaunch-acquisition-committed": 1, "prelaunch-group-committed": 1, "mover-published": 2, "prelaunch-chunk-published": 2}, "skips": []}
09:27:47Z watch: {"state": "done", "free": 53, "held": 1359, "leads": 2, "leads_holding": 2, "events": {"ram-window-stalled": 28, "prelaunch-waiting": 1, "window-stalled": 3, "window-gated": 1, "prelaunch-group-begun": 1, "prelaunch-acquisition-committed": 1, "prelaunch-group-committed": 1, "mover-published": 2, "prelaunch-chunk-published": 2}, "skips": []}
09:27:47Z probe reached a terminal state
09:27:47Z watch ended rc=0
