Traceback (most recent call last):
  File "/home/rob/fleet/ceo/exec/eng-d44-execution-sol/autonomous_phase_D1_service.py", line 37, in <module>
    with socketserver.TCPServer((options.bind, options.port), Request) as server:
         ~~~~~~~~~~~~~~~~~~~~~~^^^^^^^^^^^^^^^^^^^^^^^^^^^^^^^^^^^^^^^
  File "/usr/lib/python3.14/socketserver.py", line 457, in __init__
    self.server_bind()
    ~~~~~~~~~~~~~~~~^^
  File "/usr/lib/python3.14/socketserver.py", line 478, in server_bind
    self.socket.bind(self.server_address)
    ~~~~~~~~~~~~~~~~^^^^^^^^^^^^^^^^^^^^^
OSError: [Errno 98] Address already in use
Traceback (most recent call last):
  File "/home/rob/fleet/ceo/exec/eng-d44-execution-sol/autonomous_phase_D1_service.py", line 37, in <module>
    with socketserver.TCPServer((options.bind, options.port), Request) as server:
         ~~~~~~~~~~~~~~~~~~~~~~^^^^^^^^^^^^^^^^^^^^^^^^^^^^^^^^^^^^^^^
  File "/usr/lib/python3.14/socketserver.py", line 457, in __init__
    self.server_bind()
    ~~~~~~~~~~~~~~~~^^
  File "/usr/lib/python3.14/socketserver.py", line 478, in server_bind
    self.socket.bind(self.server_address)
    ~~~~~~~~~~~~~~~~^^^^^^^^^^^^^^^^^^^^^
OSError: [Errno 98] Address already in use
D44_D1_SERVICE_READY {"pid": 2667667, "bind": "192.168.1.68", "port": 22450, "fixed_command": ["/home/rob/fleet/ceo/bin/fleet-diskcheck", "--need-gb", "2", "--hosts", "sparky,sparklina", "--paths", "/,/mnt/shared"], "max_requests": 4}
Traceback (most recent call last):
  File "/home/rob/fleet/ceo/exec/eng-d44-execution-sol/autonomous_phase_D1_service.py", line 37, in <module>
    with socketserver.TCPServer((options.bind, options.port), Request) as server:
         ~~~~~~~~~~~~~~~~~~~~~~^^^^^^^^^^^^^^^^^^^^^^^^^^^^^^^^^^^^^^^
  File "/usr/lib/python3.14/socketserver.py", line 457, in __init__
    self.server_bind()
    ~~~~~~~~~~~~~~~~^^
  File "/usr/lib/python3.14/socketserver.py", line 478, in server_bind
    self.socket.bind(self.server_address)
    ~~~~~~~~~~~~~~~~^^^^^^^^^^^^^^^^^^^^^
OSError: [Errno 98] Address already in use
Traceback (most recent call last):
  File "/home/rob/fleet/ceo/exec/eng-d44-execution-sol/autonomous_phase_D1_service.py", line 37, in <module>
    with socketserver.TCPServer((options.bind, options.port), Request) as server:
         ~~~~~~~~~~~~~~~~~~~~~~^^^^^^^^^^^^^^^^^^^^^^^^^^^^^^^^^^^^^^^
  File "/usr/lib/python3.14/socketserver.py", line 457, in __init__
    self.server_bind()
    ~~~~~~~~~~~~~~~~^^
  File "/usr/lib/python3.14/socketserver.py", line 478, in server_bind
    self.socket.bind(self.server_address)
    ~~~~~~~~~~~~~~~~^^^^^^^^^^^^^^^^^^^^^
OSError: [Errno 98] Address already in use
Traceback (most recent call last):
  File "/home/rob/fleet/ceo/exec/eng-d44-execution-sol/autonomous_phase_D1_service.py", line 37, in <module>
    with socketserver.TCPServer((options.bind, options.port), Request) as server:
         ~~~~~~~~~~~~~~~~~~~~~~^^^^^^^^^^^^^^^^^^^^^^^^^^^^^^^^^^^^^^^
  File "/usr/lib/python3.14/socketserver.py", line 457, in __init__
    self.server_bind()
    ~~~~~~~~~~~~~~~~^^
  File "/usr/lib/python3.14/socketserver.py", line 478, in server_bind
    self.socket.bind(self.server_address)
    ~~~~~~~~~~~~~~~~^^^^^^^^^^^^^^^^^^^^^
OSError: [Errno 98] Address already in use
Traceback (most recent call last):
  File "/home/rob/fleet/ceo/exec/eng-d44-execution-sol/autonomous_phase_D1_service.py", line 37, in <module>
    with socketserver.TCPServer((options.bind, options.port), Request) as server:
         ~~~~~~~~~~~~~~~~~~~~~~^^^^^^^^^^^^^^^^^^^^^^^^^^^^^^^^^^^^^^^
  File "/usr/lib/python3.14/socketserver.py", line 457, in __init__
    self.server_bind()
    ~~~~~~~~~~~~~~~~^^
  File "/usr/lib/python3.14/socketserver.py", line 478, in server_bind
    self.socket.bind(self.server_address)
    ~~~~~~~~~~~~~~~~^^^^^^^^^^^^^^^^^^^^^
OSError: [Errno 98] Address already in use
Traceback (most recent call last):
  File "/home/rob/fleet/ceo/exec/eng-d44-execution-sol/autonomous_phase_D1_service.py", line 37, in <module>
    with socketserver.TCPServer((options.bind, options.port), Request) as server:
         ~~~~~~~~~~~~~~~~~~~~~~^^^^^^^^^^^^^^^^^^^^^^^^^^^^^^^^^^^^^^^
  File "/usr/lib/python3.14/socketserver.py", line 457, in __init__
    self.server_bind()
    ~~~~~~~~~~~~~~~~^^
  File "/usr/lib/python3.14/socketserver.py", line 478, in server_bind
    self.socket.bind(self.server_address)
    ~~~~~~~~~~~~~~~~^^^^^^^^^^^^^^^^^^^^^
OSError: [Errno 98] Address already in use
Traceback (most recent call last):
  File "/home/rob/fleet/ceo/exec/eng-d44-execution-sol/autonomous_phase_D1_service.py", line 37, in <module>
    with socketserver.TCPServer((options.bind, options.port), Request) as server:
         ~~~~~~~~~~~~~~~~~~~~~~^^^^^^^^^^^^^^^^^^^^^^^^^^^^^^^^^^^^^^^
  File "/usr/lib/python3.14/socketserver.py", line 457, in __init__
    self.server_bind()
    ~~~~~~~~~~~~~~~~^^
  File "/usr/lib/python3.14/socketserver.py", line 478, in server_bind
    self.socket.bind(self.server_address)
    ~~~~~~~~~~~~~~~~^^^^^^^^^^^^^^^^^^^^^
OSError: [Errno 98] Address already in use
Traceback (most recent call last):
  File "/home/rob/fleet/ceo/exec/eng-d44-execution-sol/autonomous_phase_D1_service.py", line 37, in <module>
    with socketserver.TCPServer((options.bind, options.port), Request) as server:
         ~~~~~~~~~~~~~~~~~~~~~~^^^^^^^^^^^^^^^^^^^^^^^^^^^^^^^^^^^^^^^
  File "/usr/lib/python3.14/socketserver.py", line 457, in __init__
    self.server_bind()
    ~~~~~~~~~~~~~~~~^^
  File "/usr/lib/python3.14/socketserver.py", line 478, in server_bind
    self.socket.bind(self.server_address)
    ~~~~~~~~~~~~~~~~^^^^^^^^^^^^^^^^^^^^^
OSError: [Errno 98] Address already in use
Traceback (most recent call last):
  File "/home/rob/fleet/ceo/exec/eng-d44-execution-sol/autonomous_phase_D1_service.py", line 37, in <module>
    with socketserver.TCPServer((options.bind, options.port), Request) as server:
         ~~~~~~~~~~~~~~~~~~~~~~^^^^^^^^^^^^^^^^^^^^^^^^^^^^^^^^^^^^^^^
  File "/usr/lib/python3.14/socketserver.py", line 457, in __init__
    self.server_bind()
    ~~~~~~~~~~~~~~~~^^
  File "/usr/lib/python3.14/socketserver.py", line 478, in server_bind
    self.socket.bind(self.server_address)
    ~~~~~~~~~~~~~~~~^^^^^^^^^^^^^^^^^^^^^
OSError: [Errno 98] Address already in use
Traceback (most recent call last):
  File "/home/rob/fleet/ceo/exec/eng-d44-execution-sol/autonomous_phase_D1_service.py", line 37, in <module>
    with socketserver.TCPServer((options.bind, options.port), Request) as server:
         ~~~~~~~~~~~~~~~~~~~~~~^^^^^^^^^^^^^^^^^^^^^^^^^^^^^^^^^^^^^^^
  File "/usr/lib/python3.14/socketserver.py", line 457, in __init__
    self.server_bind()
    ~~~~~~~~~~~~~~~~^^
  File "/usr/lib/python3.14/socketserver.py", line 478, in server_bind
    self.socket.bind(self.server_address)
    ~~~~~~~~~~~~~~~~^^^^^^^^^^^^^^^^^^^^^
OSError: [Errno 98] Address already in use
Traceback (most recent call last):
  File "/home/rob/fleet/ceo/exec/eng-d44-execution-sol/autonomous_phase_D1_service.py", line 37, in <module>
    with socketserver.TCPServer((options.bind, options.port), Request) as server:
         ~~~~~~~~~~~~~~~~~~~~~~^^^^^^^^^^^^^^^^^^^^^^^^^^^^^^^^^^^^^^^
  File "/usr/lib/python3.14/socketserver.py", line 457, in __init__
    self.server_bind()
    ~~~~~~~~~~~~~~~~^^
  File "/usr/lib/python3.14/socketserver.py", line 478, in server_bind
    self.socket.bind(self.server_address)
    ~~~~~~~~~~~~~~~~^^^^^^^^^^^^^^^^^^^^^
OSError: [Errno 98] Address already in use
Traceback (most recent call last):
  File "/home/rob/fleet/ceo/exec/eng-d44-execution-sol/autonomous_phase_D1_service.py", line 37, in <module>
    with socketserver.TCPServer((options.bind, options.port), Request) as server:
         ~~~~~~~~~~~~~~~~~~~~~~^^^^^^^^^^^^^^^^^^^^^^^^^^^^^^^^^^^^^^^
  File "/usr/lib/python3.14/socketserver.py", line 457, in __init__
    self.server_bind()
    ~~~~~~~~~~~~~~~~^^
  File "/usr/lib/python3.14/socketserver.py", line 478, in server_bind
    self.socket.bind(self.server_address)
    ~~~~~~~~~~~~~~~~^^^^^^^^^^^^^^^^^^^^^
OSError: [Errno 98] Address already in use
Traceback (most recent call last):
  File "/home/rob/fleet/ceo/exec/eng-d44-execution-sol/autonomous_phase_D1_service.py", line 37, in <module>
    with socketserver.TCPServer((options.bind, options.port), Request) as server:
         ~~~~~~~~~~~~~~~~~~~~~~^^^^^^^^^^^^^^^^^^^^^^^^^^^^^^^^^^^^^^^
  File "/usr/lib/python3.14/socketserver.py", line 457, in __init__
    self.server_bind()
    ~~~~~~~~~~~~~~~~^^
  File "/usr/lib/python3.14/socketserver.py", line 478, in server_bind
    self.socket.bind(self.server_address)
    ~~~~~~~~~~~~~~~~^^^^^^^^^^^^^^^^^^^^^
OSError: [Errno 98] Address already in use
D44_D1_SERVICE_READY {"pid": 2672496, "bind": "192.168.1.68", "port": 22450, "fixed_command": ["/home/rob/fleet/ceo/bin/fleet-diskcheck", "--need-gb", "2", "--hosts", "sparky,sparklina", "--paths", "/,/mnt/shared"], "max_requests": 4}
D44_D1_SERVICE_STOPPED {"completed_requests": 4}
Traceback (most recent call last):
  File "/home/rob/fleet/ceo/exec/eng-d44-execution-sol/autonomous_phase_D1_service.py", line 37, in <module>
    with socketserver.TCPServer((options.bind, options.port), Request) as server:
         ~~~~~~~~~~~~~~~~~~~~~~^^^^^^^^^^^^^^^^^^^^^^^^^^^^^^^^^^^^^^^
  File "/usr/lib/python3.14/socketserver.py", line 457, in __init__
    self.server_bind()
    ~~~~~~~~~~~~~~~~^^
  File "/usr/lib/python3.14/socketserver.py", line 478, in server_bind
    self.socket.bind(self.server_address)
    ~~~~~~~~~~~~~~~~^^^^^^^^^^^^^^^^^^^^^
OSError: [Errno 98] Address already in use
Traceback (most recent call last):
  File "/home/rob/fleet/ceo/exec/eng-d44-execution-sol/autonomous_phase_D1_service.py", line 37, in <module>
    with socketserver.TCPServer((options.bind, options.port), Request) as server:
         ~~~~~~~~~~~~~~~~~~~~~~^^^^^^^^^^^^^^^^^^^^^^^^^^^^^^^^^^^^^^^
  File "/usr/lib/python3.14/socketserver.py", line 457, in __init__
    self.server_bind()
    ~~~~~~~~~~~~~~~~^^
  File "/usr/lib/python3.14/socketserver.py", line 478, in server_bind
    self.socket.bind(self.server_address)
    ~~~~~~~~~~~~~~~~^^^^^^^^^^^^^^^^^^^^^
OSError: [Errno 98] Address already in use
Traceback (most recent call last):
  File "/home/rob/fleet/ceo/exec/eng-d44-execution-sol/autonomous_phase_D1_service.py", line 37, in <module>
    with socketserver.TCPServer((options.bind, options.port), Request) as server:
         ~~~~~~~~~~~~~~~~~~~~~~^^^^^^^^^^^^^^^^^^^^^^^^^^^^^^^^^^^^^^^
  File "/usr/lib/python3.14/socketserver.py", line 457, in __init__
    self.server_bind()
    ~~~~~~~~~~~~~~~~^^
  File "/usr/lib/python3.14/socketserver.py", line 478, in server_bind
    self.socket.bind(self.server_address)
    ~~~~~~~~~~~~~~~~^^^^^^^^^^^^^^^^^^^^^
OSError: [Errno 98] Address already in use
Traceback (most recent call last):
  File "/home/rob/fleet/ceo/exec/eng-d44-execution-sol/autonomous_phase_D1_service.py", line 37, in <module>
    with socketserver.TCPServer((options.bind, options.port), Request) as server:
         ~~~~~~~~~~~~~~~~~~~~~~^^^^^^^^^^^^^^^^^^^^^^^^^^^^^^^^^^^^^^^
  File "/usr/lib/python3.14/socketserver.py", line 457, in __init__
    self.server_bind()
    ~~~~~~~~~~~~~~~~^^
  File "/usr/lib/python3.14/socketserver.py", line 478, in server_bind
    self.socket.bind(self.server_address)
    ~~~~~~~~~~~~~~~~^^^^^^^^^^^^^^^^^^^^^
OSError: [Errno 98] Address already in use
Traceback (most recent call last):
  File "/home/rob/fleet/ceo/exec/eng-d44-execution-sol/autonomous_phase_D1_service.py", line 37, in <module>
    with socketserver.TCPServer((options.bind, options.port), Request) as server:
         ~~~~~~~~~~~~~~~~~~~~~~^^^^^^^^^^^^^^^^^^^^^^^^^^^^^^^^^^^^^^^
  File "/usr/lib/python3.14/socketserver.py", line 457, in __init__
    self.server_bind()
    ~~~~~~~~~~~~~~~~^^
  File "/usr/lib/python3.14/socketserver.py", line 478, in server_bind
    self.socket.bind(self.server_address)
    ~~~~~~~~~~~~~~~~^^^^^^^^^^^^^^^^^^^^^
OSError: [Errno 98] Address already in use
Traceback (most recent call last):
  File "/home/rob/fleet/ceo/exec/eng-d44-execution-sol/autonomous_phase_D1_service.py", line 37, in <module>
    with socketserver.TCPServer((options.bind, options.port), Request) as server:
         ~~~~~~~~~~~~~~~~~~~~~~^^^^^^^^^^^^^^^^^^^^^^^^^^^^^^^^^^^^^^^
  File "/usr/lib/python3.14/socketserver.py", line 457, in __init__
    self.server_bind()
    ~~~~~~~~~~~~~~~~^^
  File "/usr/lib/python3.14/socketserver.py", line 478, in server_bind
    self.socket.bind(self.server_address)
    ~~~~~~~~~~~~~~~~^^^^^^^^^^^^^^^^^^^^^
OSError: [Errno 98] Address already in use
Traceback (most recent call last):
  File "/home/rob/fleet/ceo/exec/eng-d44-execution-sol/autonomous_phase_D1_service.py", line 37, in <module>
    with socketserver.TCPServer((options.bind, options.port), Request) as server:
         ~~~~~~~~~~~~~~~~~~~~~~^^^^^^^^^^^^^^^^^^^^^^^^^^^^^^^^^^^^^^^
  File "/usr/lib/python3.14/socketserver.py", line 457, in __init__
    self.server_bind()
    ~~~~~~~~~~~~~~~~^^
  File "/usr/lib/python3.14/socketserver.py", line 478, in server_bind
    self.socket.bind(self.server_address)
    ~~~~~~~~~~~~~~~~^^^^^^^^^^^^^^^^^^^^^
OSError: [Errno 98] Address already in use
Traceback (most recent call last):
  File "/home/rob/fleet/ceo/exec/eng-d44-execution-sol/autonomous_phase_D1_service.py", line 37, in <module>
    with socketserver.TCPServer((options.bind, options.port), Request) as server:
         ~~~~~~~~~~~~~~~~~~~~~~^^^^^^^^^^^^^^^^^^^^^^^^^^^^^^^^^^^^^^^
  File "/usr/lib/python3.14/socketserver.py", line 457, in __init__
    self.server_bind()
    ~~~~~~~~~~~~~~~~^^
  File "/usr/lib/python3.14/socketserver.py", line 478, in server_bind
    self.socket.bind(self.server_address)
    ~~~~~~~~~~~~~~~~^^^^^^^^^^^^^^^^^^^^^
OSError: [Errno 98] Address already in use
Traceback (most recent call last):
  File "/home/rob/fleet/ceo/exec/eng-d44-execution-sol/autonomous_phase_D1_service.py", line 37, in <module>
    with socketserver.TCPServer((options.bind, options.port), Request) as server:
         ~~~~~~~~~~~~~~~~~~~~~~^^^^^^^^^^^^^^^^^^^^^^^^^^^^^^^^^^^^^^^
  File "/usr/lib/python3.14/socketserver.py", line 457, in __init__
    self.server_bind()
    ~~~~~~~~~~~~~~~~^^
  File "/usr/lib/python3.14/socketserver.py", line 478, in server_bind
    self.socket.bind(self.server_address)
    ~~~~~~~~~~~~~~~~^^^^^^^^^^^^^^^^^^^^^
OSError: [Errno 98] Address already in use
Traceback (most recent call last):
  File "/home/rob/fleet/ceo/exec/eng-d44-execution-sol/autonomous_phase_D1_service.py", line 37, in <module>
    with socketserver.TCPServer((options.bind, options.port), Request) as server:
         ~~~~~~~~~~~~~~~~~~~~~~^^^^^^^^^^^^^^^^^^^^^^^^^^^^^^^^^^^^^^^
  File "/usr/lib/python3.14/socketserver.py", line 457, in __init__
    self.server_bind()
    ~~~~~~~~~~~~~~~~^^
  File "/usr/lib/python3.14/socketserver.py", line 478, in server_bind
    self.socket.bind(self.server_address)
    ~~~~~~~~~~~~~~~~^^^^^^^^^^^^^^^^^^^^^
OSError: [Errno 98] Address already in use
Traceback (most recent call last):
  File "/home/rob/fleet/ceo/exec/eng-d44-execution-sol/autonomous_phase_D1_service.py", line 37, in <module>
    with socketserver.TCPServer((options.bind, options.port), Request) as server:
         ~~~~~~~~~~~~~~~~~~~~~~^^^^^^^^^^^^^^^^^^^^^^^^^^^^^^^^^^^^^^^
  File "/usr/lib/python3.14/socketserver.py", line 457, in __init__
    self.server_bind()
    ~~~~~~~~~~~~~~~~^^
  File "/usr/lib/python3.14/socketserver.py", line 478, in server_bind
    self.socket.bind(self.server_address)
    ~~~~~~~~~~~~~~~~^^^^^^^^^^^^^^^^^^^^^
OSError: [Errno 98] Address already in use
Traceback (most recent call last):
  File "/home/rob/fleet/ceo/exec/eng-d44-execution-sol/autonomous_phase_D1_service.py", line 37, in <module>
    with socketserver.TCPServer((options.bind, options.port), Request) as server:
         ~~~~~~~~~~~~~~~~~~~~~~^^^^^^^^^^^^^^^^^^^^^^^^^^^^^^^^^^^^^^^
  File "/usr/lib/python3.14/socketserver.py", line 457, in __init__
    self.server_bind()
    ~~~~~~~~~~~~~~~~^^
  File "/usr/lib/python3.14/socketserver.py", line 478, in server_bind
    self.socket.bind(self.server_address)
    ~~~~~~~~~~~~~~~~^^^^^^^^^^^^^^^^^^^^^
OSError: [Errno 98] Address already in use
D44_D1_SERVICE_READY {"pid": 2683732, "bind": "192.168.1.68", "port": 22450, "fixed_command": ["/home/rob/fleet/ceo/bin/fleet-diskcheck", "--need-gb", "2", "--hosts", "sparky,sparklina", "--paths", "/,/mnt/shared"], "max_requests": 4}
